Component: ARM Compiler 5.06 update 6 (build 750) Tool: armlink [4d35ed]

==============================================================================

Section Cross References

    main.o(i.main) refers to control.o(i.Contorl_Init) for Contorl_Init
    main.o(i.main) refers to control.o(i.Contorl) for Contorl
    main.o(i.main) refers to stm32f10x_it.o(.data) for solve_flag
    stm32f10x_it.o(i.TIM1_UP_IRQHandler) refers to stm32f10x_tim.o(i.TIM_GetITStatus) for TIM_GetITStatus
    stm32f10x_it.o(i.TIM3_IRQHandler) refers to stm32f10x_tim.o(i.TIM_GetITStatus) for TIM_GetITStatus
    stm32f10x_it.o(i.TIM3_IRQHandler) refers to stm32f10x_tim.o(i.TIM_ClearITPendingBit) for TIM_ClearITPendingBit
    stm32f10x_it.o(i.TIM3_IRQHandler) refers to gyroscope_solve.o(i.Gyroscope_getValues) for Gyroscope_getValues
    stm32f10x_it.o(i.TIM3_IRQHandler) refers to gyroscope_solve.o(i.Gyroscope_solve) for Gyroscope_solve
    stm32f10x_it.o(i.TIM3_IRQHandler) refers to stm32f10x_it.o(.data) for .data
    system_stm32f10x.o(i.SetSysClock) refers to system_stm32f10x.o(i.SetSysClockTo72) for SetSysClockTo72
    system_stm32f10x.o(i.SystemCoreClockUpdate) refers to system_stm32f10x.o(.data) for .data
    system_stm32f10x.o(i.SystemInit) refers to system_stm32f10x.o(i.SetSysClock) for SetSysClock
    delay.o(i.SysTick_Init) refers to misc.o(i.SysTick_CLKSourceConfig) for SysTick_CLKSourceConfig
    delay.o(i.SysTick_Init) refers to delay.o(.data) for .data
    delay.o(i.delay_ms) refers to delay.o(.data) for .data
    delay.o(i.delay_us) refers to delay.o(.data) for .data
    usart.o(i.USART1_IRQHandler) refers (Special) to use_no_semi_2.o(.text) for __use_no_semihosting
    usart.o(i.USART1_IRQHandler) refers to stm32f10x_usart.o(i.USART_GetITStatus) for USART_GetITStatus
    usart.o(i.USART1_IRQHandler) refers to stm32f10x_usart.o(i.USART_ReceiveData) for USART_ReceiveData
    usart.o(i.USART1_IRQHandler) refers to usart.o(.data) for .data
    usart.o(i.USART1_IRQHandler) refers to usart.o(.bss) for .bss
    usart.o(i.USART_SendArray) refers (Special) to use_no_semi_2.o(.text) for __use_no_semihosting
    usart.o(i.USART_SendArray) refers to usart.o(i.USART_SendByte) for USART_SendByte
    usart.o(i.USART_SendByte) refers (Special) to use_no_semi_2.o(.text) for __use_no_semihosting
    usart.o(i.USART_SendByte) refers to stm32f10x_usart.o(i.USART_SendData) for USART_SendData
    usart.o(i.USART_SendByte) refers to stm32f10x_usart.o(i.USART_GetFlagStatus) for USART_GetFlagStatus
    usart.o(i._sys_exit) refers (Special) to use_no_semi_2.o(.text) for __use_no_semihosting
    usart.o(i.fputc) refers (Special) to use_no_semi_2.o(.text) for __use_no_semihosting
    usart.o(i.uart_init) refers (Special) to use_no_semi_2.o(.text) for __use_no_semihosting
    usart.o(i.uart_init) refers to stm32f10x_rcc.o(i.RCC_APB2PeriphClockCmd) for RCC_APB2PeriphClockCmd
    usart.o(i.uart_init) refers to stm32f10x_gpio.o(i.GPIO_Init) for GPIO_Init
    usart.o(i.uart_init) refers to misc.o(i.NVIC_Init) for NVIC_Init
    usart.o(i.uart_init) refers to stm32f10x_usart.o(i.USART_Init) for USART_Init
    usart.o(i.uart_init) refers to stm32f10x_usart.o(i.USART_ITConfig) for USART_ITConfig
    usart.o(i.uart_init) refers to stm32f10x_usart.o(i.USART_Cmd) for USART_Cmd
    usart.o(.bss) refers (Special) to use_no_semi_2.o(.text) for __use_no_semihosting
    usart.o(.data) refers (Special) to use_no_semi_2.o(.text) for __use_no_semihosting
    usart.o(.data) refers (Special) to use_no_semi_2.o(.text) for __use_no_semihosting
    startup_stm32f10x_hd.o(STACK) refers (Special) to heapauxi.o(.text) for __use_two_region_memory
    startup_stm32f10x_hd.o(HEAP) refers (Special) to heapauxi.o(.text) for __use_two_region_memory
    startup_stm32f10x_hd.o(RESET) refers (Special) to heapauxi.o(.text) for __use_two_region_memory
    startup_stm32f10x_hd.o(RESET) refers to startup_stm32f10x_hd.o(STACK) for __initial_sp
    startup_stm32f10x_hd.o(RESET) refers to startup_stm32f10x_hd.o(.text) for Reset_Handler
    startup_stm32f10x_hd.o(RESET) refers to stm32f10x_it.o(i.NMI_Handler) for NMI_Handler
    startup_stm32f10x_hd.o(RESET) refers to stm32f10x_it.o(i.HardFault_Handler) for HardFault_Handler
    startup_stm32f10x_hd.o(RESET) refers to stm32f10x_it.o(i.MemManage_Handler) for MemManage_Handler
    startup_stm32f10x_hd.o(RESET) refers to stm32f10x_it.o(i.BusFault_Handler) for BusFault_Handler
    startup_stm32f10x_hd.o(RESET) refers to stm32f10x_it.o(i.UsageFault_Handler) for UsageFault_Handler
    startup_stm32f10x_hd.o(RESET) refers to stm32f10x_it.o(i.SVC_Handler) for SVC_Handler
    startup_stm32f10x_hd.o(RESET) refers to stm32f10x_it.o(i.DebugMon_Handler) for DebugMon_Handler
    startup_stm32f10x_hd.o(RESET) refers to stm32f10x_it.o(i.PendSV_Handler) for PendSV_Handler
    startup_stm32f10x_hd.o(RESET) refers to stm32f10x_it.o(i.SysTick_Handler) for SysTick_Handler
[...]
    i.LED_Init                               0x08001158   Section        0  led.o(i.LED_Init)
    i.LED_Toggle                             0x0800118c   Section        0  led.o(i.LED_Toggle)
    i.MPU_Get_Accelerometer                  0x080011ac   Section        0  mpu6050.o(i.MPU_Get_Accelerometer)
    i.MPU_Get_Gyroscope                      0x080011f0   Section        0  mpu6050.o(i.MPU_Get_Gyroscope)
    i.MPU_IIC_Ack                            0x08001234   Section        0  iic.o(i.MPU_IIC_Ack)
    i.MPU_IIC_Delay                          0x08001268   Section        0  iic.o(i.MPU_IIC_Delay)
    i.MPU_IIC_Init                           0x08001270   Section        0  iic.o(i.MPU_IIC_Init)
    i.MPU_IIC_NAck                           0x080012a8   Section        0  iic.o(i.MPU_IIC_NAck)
    i.MPU_IIC_Read_Byte                      0x080012dc   Section        0  iic.o(i.MPU_IIC_Read_Byte)
    i.MPU_IIC_Send_Byte                      0x08001344   Section        0  iic.o(i.MPU_IIC_Send_Byte)
    i.MPU_IIC_Start                          0x080013a0   Section        0  iic.o(i.MPU_IIC_Start)
    i.MPU_IIC_Stop                           0x080013d4   Section        0  iic.o(i.MPU_IIC_Stop)
    i.MPU_IIC_Wait_Ack                       0x0800140c   Section        0  iic.o(i.MPU_IIC_Wait_Ack)
    i.MPU_Init                               0x08001460   Section        0  mpu6050.o(i.MPU_Init)
    i.MPU_Read_Byte                          0x0800150c   Section        0  mpu6050.o(i.MPU_Read_Byte)
    i.MPU_Read_Len                           0x08001546   Section        0  mpu6050.o(i.MPU_Read_Len)
    i.MPU_Set_Accel_Fsr                      0x080015b6   Section        0  mpu6050.o(i.MPU_Set_Accel_Fsr)
    i.MPU_Set_Gyro_Fsr                       0x080015c0   Section        0  mpu6050.o(i.MPU_Set_Gyro_Fsr)
    i.MPU_Set_LPF                            0x080015ca   Section        0  mpu6050.o(i.MPU_Set_LPF)
    i.MPU_Set_Rate                           0x080015fa   Section        0  mpu6050.o(i.MPU_Set_Rate)
    i.MPU_Write_Byte                         0x08001626   Section        0  mpu6050.o(i.MPU_Write_Byte)
    i.MemManage_Handler                      0x0800166a   Section        0  stm32f10x_it.o(i.MemManage_Handler)
    i.NMEA_Comma_Pos                         0x0800166c   Section        0  gps.o(i.NMEA_Comma_Pos)
    i.NMEA_GNRMC_Analysis                    0x08001698   Section        0  gps.o(i.NMEA_GNRMC_Analysis)
    i.NMEA_Pow                               0x08001810   Section        0  gps.o(i.NMEA_Pow)
    i.NMEA_Str2num                           0x08001820   Section        0  gps.o(i.NMEA_Str2num)
    i.NMI_Handler                            0x080018e0   Section        0  stm32f10x_it.o(i.NMI_Handler)
    i.NVIC_Init                              0x080018e4   Section        0  misc.o(i.NVIC_Init)
    i.NVIC_PriorityGroupConfig               0x08001948   Section        0  misc.o(i.NVIC_PriorityGroupConfig)
    i.PendSV_Handler                         0x0800195c   Section        0  stm32f10x_it.o(i.PendSV_Handler)
    i.RCC_AHBPeriphClockCmd                  0x08001960   Section        0  stm32f10x_rcc.o(i.RCC_AHBPeriphClockCmd)
    i.RCC_APB1PeriphClockCmd                 0x0800197c   Section        0  stm32f10x_rcc.o(i.RCC_APB1PeriphClockCmd)
    i.RCC_APB1PeriphResetCmd                 0x08001998   Section        0  stm32f10x_rcc.o(i.RCC_APB1PeriphResetCmd)
    i.RCC_APB2PeriphClockCmd                 0x080019b4   Section        0  stm32f10x_rcc.o(i.RCC_APB2PeriphClockCmd)
    i.RCC_APB2PeriphResetCmd                 0x080019d0   Section        0  stm32f10x_rcc.o(i.RCC_APB2PeriphResetCmd)
    i.RCC_GetClocksFreq                      0x080019ec   Section        0  stm32f10x_rcc.o(i.RCC_GetClocksFreq)
    i.SVC_Handler                            0x08001a98   Section        0  stm32f10x_it.o(i.SVC_Handler)
    i.SetSysClock                            0x08001a9a   Section        0  system_stm32f10x.o(i.SetSysClock)
    SetSysClock                              0x08001a9b   Thumb Code     4  system_stm32f10x.o(i.SetSysClock)
    i.SetSysClockTo72                        0x08001aa0   Section        0  system_stm32f10x.o(i.SetSysClockTo72)
    SetSysClockTo72                          0x08001aa1   Thumb Code   166  system_stm32f10x.o(i.SetSysClockTo72)
    i.Speed_Control                          0x08001b50   Section        0  control.o(i.Speed_Control)
    i.SysTick_CLKSourceConfig                0x08001bc8   Section        0  misc.o(i.SysTick_CLKSourceConfig)
    i.SysTick_Handler                        0x08001be4   Section        0  stm32f10x_it.o(i.SysTick_Handler)
    i.SysTick_Init                           0x08001be8   Section        0  delay.o(i.SysTick_Init)
    i.SystemInit                             0x08001c04   Section        0  system_stm32f10x.o(i.SystemInit)
    i.TIM1_UP_IRQHandler                     0x08001c54   Section        0  stm32f10x_it.o(i.TIM1_UP_IRQHandler)
    i.TIM2_PWM_Init                          0x08001c60   Section        0  pwm.o(i.TIM2_PWM_Init)
    i.TIM3_IRQHandler                        0x08001d34   Section        0  stm32f10x_it.o(i.TIM3_IRQHandler)
    i.TIM3_Init                              0x08001d70   Section        0  tim.o(i.TIM3_Init)
    i.TIM4_PWM_Init                          0x08001dd8   Section        0  pwm.o(i.TIM4_PWM_Init)
    i.TIM_ARRPreloadConfig                   0x08001eac   Section        0  stm32f10x_tim.o(i.TIM_ARRPreloadConfig)
    i.TIM_ClearITPendingBit                  0x08001ec4   Section        0  stm32f10x_tim.o(i.TIM_ClearITPendingBit)
    i.TIM_Cmd                                0x08001eca   Section        0  stm32f10x_tim.o(i.TIM_Cmd)
    i.TIM_CtrlPWMOutputs                     0x08001ee2   Section        0  stm32f10x_tim.o(i.TIM_CtrlPWMOutputs)
    i.TIM_GetITStatus                        0x08001efe   Section        0  stm32f10x_tim.o(i.TIM_GetITStatus)
    i.TIM_ITConfig                           0x08001f16   Section        0  stm32f10x_tim.o(i.TIM_ITConfig)
    i.TIM_OC1Init                            0x08001f2c   Section        0  stm32f10x_tim.o(i.TIM_OC1Init)
    i.TIM_OC1PreloadConfig                   0x08001fb4   Section        0  stm32f10x_tim.o(i.TIM_OC1PreloadConfig)
    i.TIM_OC2Init                            0x08001fc0   Section        0  stm32f10x_tim.o(i.TIM_OC2Init)
    i.TIM_OC2PreloadConfig                   0x08002048   Section        0  stm32f10x_tim.o(i.TIM_OC2PreloadConfig)
    i.TIM_OC3Init                            0x0800205c   Section        0  stm32f10x_tim.o(i.TIM_OC3Init)
    i.TIM_OC3PreloadConfig                   0x080020e0   Section        0  stm32f10x_tim.o(i.TIM_OC3PreloadConfig)
    i.TIM_SetCompare1                        0x080020ec   Section        0  stm32f10x_tim.o(i.TIM_SetCompare1)
    i.TIM_SetCompare2                        0x080020f0   Section        0  stm32f10x_tim.o(i.TIM_SetCompare2)
    i.TIM_SetCompare3                        0x080020f4   Section        0  stm32f10x_tim.o(i.TIM_SetCompare3)
    i.TIM_TimeBaseInit                       0x080020f8   Section        0  stm32f10x_tim.o(i.TIM_TimeBaseInit)
    i.USART1_IRQHandler                      0x08002194   Section        0  usart.o(i.USART1_IRQHandler)
    i.USART2_IRQHandler                      0x080021fc   Section        0  usart2.o(i.USART2_IRQHandler)
    i.USART2_Init                            0x08002280   Section        0  usart2.o(i.USART2_Init)
    i.USART_ClearFlag                        0x08002338   Section        0  stm32f10x_usart.o(i.USART_ClearFlag)
    i.USART_Cmd                              0x08002340   Section        0  stm32f10x_usart.o(i.USART_Cmd)
    i.USART_DMACmd                           0x08002358   Section        0  stm32f10x_usart.o(i.USART_DMACmd)
    i.USART_DeInit                           0x0800236c   Section        0  stm32f10x_usart.o(i.USART_DeInit)
    i.USART_GetFlagStatus                    0x08002410   Section        0  stm32f10x_usart.o(i.USART_GetFlagStatus)
    i.USART_GetITStatus                      0x0800241e   Section        0  stm32f10x_usart.o(i.USART_GetITStatus)
    i.USART_ITConfig                         0x0800245e   Section        0  stm32f10x_usart.o(i.USART_ITConfig)
    i.USART_Init                             0x08002494   Section        0  stm32f10x_usart.o(i.USART_Init)
    i.USART_ReceiveData                      0x08002550   Section        0  stm32f10x_usart.o(i.USART_ReceiveData)
    i.USART_SendArray                        0x08002558   Section        0  usart.o(i.USART_SendArray)
    i.USART_SendByte                         0x0800257a   Section        0  usart.o(i.USART_SendByte)
    i.USART_SendData                         0x08002592   Section        0  stm32f10x_usart.o(i.USART_SendData)
    i.UsageFault_Handler                     0x0800259a   Section        0  stm32f10x_it.o(i.UsageFault_Handler)
    i.__ARM_fpclassify                       0x0800259c   Section        0  fpclassify.o(i.__ARM_fpclassify)
    i.__kernel_poly                          0x080025c4   Section        0  poly.o(i.__kernel_poly)
    i.__mathlib_dbl_infnan                   0x0800266e   Section        0  dunder.o(i.__mathlib_dbl_infnan)
    i.__mathlib_dbl_invalid                  0x08002674   Section        0  dunder.o(i.__mathlib_dbl_invalid)
    i.__mathlib_dbl_underflow                0x08002680   Section        0  dunder.o(i.__mathlib_dbl_underflow)
    i._sys_exit                              0x08002690   Section        0  usart.o(i._sys_exit)
    i.arcsin_lookup                          0x08002694   Section        0  mymath.o(i.arcsin_lookup)
    i.asin                                   0x08002750   Section        0  asin.o(i.asin)
    i.delay_ms                               0x080029c0   Section        0  delay.o(i.delay_ms)
    i.delay_us                               0x080029f4   Section        0  delay.o(i.delay_us)
    i.fast_atan2                             0x08002a28   Section        0  mymath.o(i.fast_atan2)
    i.fputc                                  0x08002b48   Section        0  usart.o(i.fputc)
    i.init_arcsin_table                      0x08002b60   Section        0  mymath.o(i.init_arcsin_table)
    i.main                                   0x08002bb0   Section        0  main.o(i.main)
    i.myRsqrt                                0x08002bcc   Section        0  mymath.o(i.myRsqrt)
    i.myabs_f                                0x08002c04   Section        0  mymath.o(i.myabs_f)
    i.sqrt                                   0x08002c10   Section        0  sqrt.o(i.sqrt)
    i.uart_init                              0x08002c5c   Section        0  usart.o(i.uart_init)
    x$fpl$d2f                                0x08002cfc   Section       98  d2f.o(x$fpl$d2f)
    x$fpl$dadd                               0x08002d60   Section      336  daddsub_clz.o(x$fpl$dadd)
    _dadd1                                   0x08002d71   Thumb Code     0  daddsub_clz.o(x$fpl$dadd)
    x$fpl$dcheck1                            0x08002eb0   Section       16  dcheck1.o(x$fpl$dcheck1)
    x$fpl$dcmpinf                            0x08002ec0   Section       24  dcmpi.o(x$fpl$dcmpinf)
    x$fpl$ddiv                               0x08002ed8   Section      688  ddiv.o(x$fpl$ddiv)
    ddiv_entry                               0x08002edf   Thumb Code     0  ddiv.o(x$fpl$ddiv)
    x$fpl$dfix                               0x08003188   Section       94  dfix.o(x$fpl$dfix)
    x$fpl$dflt                               0x080031e6   Section       46  dflt_clz.o(x$fpl$dflt)
    x$fpl$dleqf                              0x08003214   Section      120  dleqf.o(x$fpl$dleqf)
    x$fpl$dmul                               0x0800328c   Section      340  dmul.o(x$fpl$dmul)
    x$fpl$dnaninf                            0x080033e0   Section      156  dnaninf.o(x$fpl$dnaninf)
    x$fpl$dretinf                            0x0800347c   Section       12  dretinf.o(x$fpl$dretinf)
    x$fpl$drleqf                             0x08003488   Section      108  drleqf.o(x$fpl$drleqf)
    x$fpl$drsb                               0x080034f4   Section       22  daddsub_clz.o(x$fpl$drsb)
    x$fpl$dsqrt                              0x0800350c   Section      460  dsqrt_noumaal.o(x$fpl$dsqrt)
    x$fpl$dsub                               0x080036d8   Section      468  daddsub_clz.o(x$fpl$dsub)
    _dsub1                                   0x080036e9   Thumb Code     0  daddsub_clz.o(x$fpl$dsub)
    x$fpl$f2d                                0x080038ac   Section       86  f2d.o(x$fpl$f2d)
    x$fpl$fadd                               0x08003904   Section      196  faddsub_clz.o(x$fpl$fadd)
    _fadd1                                   0x08003913   Thumb Code     0  faddsub_clz.o(x$fpl$fadd)
    x$fpl$fcheck1                            0x080039c8   Section       12  fcheck1.o(x$fpl$fcheck1)
    x$fpl$fcmpinf                            0x080039d4   Section       24  fcmpi.o(x$fpl$fcmpinf)
    x$fpl$fdiv                               0x080039ec   Section      388  fdiv.o(x$fpl$fdiv)
    _fdiv1                                   0x080039ed   Thumb Code     0  fdiv.o(x$fpl$fdiv)
    x$fpl$ffix                               0x08003b70   Section       54  ffix.o(x$fpl$ffix)
    x$fpl$ffixu                              0x08003ba8   Section       62  ffixu.o(x$fpl$ffixu)
    x$fpl$fflt                               0x08003be8   Section       48  fflt_clz.o(x$fpl$fflt)
    x$fpl$ffltu                              0x08003c18   Section       38  fflt_clz.o(x$fpl$ffltu)
    x$fpl$fleqf                              0x08003c40   Section      104  fleqf.o(x$fpl$fleqf)
    x$fpl$fmul                               0x08003ca8   Section      258  fmul.o(x$fpl$fmul)
    x$fpl$fnaninf                            0x08003daa   Section      140  fnaninf.o(x$fpl$fnaninf)
    x$fpl$fretinf                            0x08003e36   Section       10  fretinf.o(x$fpl$fretinf)
    x$fpl$frleqf                             0x08003e40   Section       98  frleqf.o(x$fpl$frleqf)
    x$fpl$frsb                               0x08003ea2   Section       20  faddsub_clz.o(x$fpl$frsb)
    x$fpl$fsub                               0x08003eb8   Section      234  faddsub_clz.o(x$fpl$fsub)
    _fsub1                                   0x08003ec7   Thumb Code     0  faddsub_clz.o(x$fpl$fsub)
    x$fpl$retnan                             0x08003fa2   Section      100  retnan.o(x$fpl$retnan)
    x$fpl$scalbn                             0x08004006   Section       92  scalbn.o(x$fpl$scalbn)
    x$fpl$scalbnf                            0x08004062   Section       76  scalbnf.o(x$fpl$scalbnf)
    x$fpl$trapveneer                         0x080040ae   Section       48  trapv.o(x$fpl$trapveneer)
    x$fpl$usenofp                            0x080040de   Section        0  usenofp.o(x$fpl$usenofp)
    .constdata                               0x080040e0   Section       80  asin.o(.constdata)
    pS                                       0x080040e0   Data          48  asin.o(.constdata)
    qS                                       0x08004110   Data          32  asin.o(.constdata)
    .data                                    0x20000000   Section        1  stm32f10x_it.o(.data)
    .data                                    0x20000002   Section        4  delay.o(.data)
    fac_us                                   0x20000002   Data           1  delay.o(.data)
    fac_ms                                   0x20000004   Data           2  delay.o(.data)
    .data                                    0x20000006   Section        2  usart.o(.data)
    .data                                    0x20000008   Section        4  usart.o(.data)
    .data                                    0x2000000c   Section       20  stm32f10x_rcc.o(.data)
    ADCPrescTable                            0x2000000c   Data           4  stm32f10x_rcc.o(.data)
    APBAHBPrescTable                         0x20000010   Data          16  stm32f10x_rcc.o(.data)
    .data                                    0x20000020   Section        1  usart2.o(.data)
    .data                                    0x20000024   Section      100  gyroscope_solve.o(.data)
    Angle                                    0x20000034   Data           4  gyroscope_solve.o(.data)
    .data                                    0x20000088   Section     1028  mymath.o(.data)
    .data                                    0x2000048c   Section        8  control.o(.data)
    cnt_10ms                                 0x2000048d   Data           1  control.o(.data)
    cnt_500ms                                0x2000048e   Data           1  control.o(.data)
    speed                                    0x20000490   Data           4  control.o(.data)
    .bss                                     0x20000494   Section      200  usart.o(.bss)
    .bss                                     0x20000560   Section     2048  usart2.o(.bss)
    .bss                                     0x20000d60   Section       96  gyroscope_solve.o(.bss)
    .bss                                     0x20000dc0   Section     8000  mymath.o(.bss)
    .bss                                     0x20002d00   Section       50  ano_dt.o(.bss)
    .bss                                     0x20002d32   Section      166  control.o(.bss)
    .bss                                     0x20002dd8   Section       96  libspace.o(.bss)
    HEAP                                     0x20002e38   Section      512  startup_stm32f10x_hd.o(HEAP)
    Heap_Mem                                 0x20002e38   Data         512  startup_stm32f10x_hd.o(HEAP)
    STACK                                    0x20003038   Section     1024  startup_stm32f10x_hd.o(STACK)
    Stack_Mem                                0x20003038   Data        1024  startup_stm32f10x_hd.o(STACK)
    __initial_sp                             0x20003438   Data           0  startup_stm32f10x_hd.o(STACK)

    Global Symbols

    Symbol Name                              Value     Ov Type        Size  Object(Section)

    BuildAttributes$$THM_ISAv4$P$D$K$B$S$PE$A:L22UL41UL21$X:L11$S22US41US21$IEEE1$IW$USESV6$~STKCKD$USESV7$~SHL$OTIME$ROPI$IEEEX$EBA8$UX$STANDARDLIB$REQ8$PRES8$EABIv2 0x00000000   Number         0  anon$$obj.o ABSOLUTE
    __ARM_use_no_argv                        0x00000000   Number         0  main.o ABSOLUTE
    __ARM_exceptions_init                     - Undefined Weak Reference
    __alloca_initialize                       - Undefined Weak Reference
    __arm_preinit_                            - Undefined Weak Reference
    __cpp_initialize__aeabi_                  - Undefined Weak Reference
    __cxa_finalize                            - Undefined Weak Reference
    __rt_locale                               - Undefined Weak Reference
    __sigvec_lookup                           - Undefined Weak Reference
    _atexit_init                              - Undefined Weak Reference
    _call_atexit_fns                          - Undefined Weak Reference
    _clock_init                               - Undefined Weak Reference
    _fp_trap_init                             - Undefined Weak Reference
    _fp_trap_shutdown                         - Undefined Weak Reference
    _get_lc_collate                           - Undefined Weak Reference
    _get_lc_ctype                             - Undefined Weak Reference
    _get_lc_monetary                          - Undefined Weak Reference
    _get_lc_numeric                           - Undefined Weak Reference
    _get_lc_time                              - Undefined Weak Reference
    _getenv_init                              - Undefined Weak Reference
    _handle_redirection                       - Undefined Weak Reference
    _init_alloc                               - Undefined Weak Reference
    _init_user_alloc                          - Undefined Weak Reference
    _initio                                   - Undefined Weak Reference
    _mutex_acquire                            - Undefined Weak Reference
    _mutex_release                            - Undefined Weak Reference
    _rand_init                                - Undefined Weak Reference
    _signal_finish                            - Undefined Weak Reference
    _signal_init                              - Undefined Weak Reference
    _terminate_alloc                          - Undefined Weak Reference
    _terminate_user_alloc                     - Undefined Weak Reference
    _terminateio                              - Undefined Weak Reference
    __Vectors_Size                           0x00000130   Number         0  startup_stm32f10x_hd.o ABSOLUTE
    __Vectors                                0x08000000   Data           4  startup_stm32f10x_hd.o(RESET)
    __Vectors_End                            0x08000130   Data           0  startup_stm32f10x_hd.o(RESET)
    __main                                   0x08000131   Thumb Code     8  __main.o(!!!main)
    __scatterload                            0x08000139   Thumb Code     0  __scatter.o(!!!scatter)
    __scatterload_rt2                        0x08000139   Thumb Code    44  __scatter.o(!!!scatter)
    __scatterload_rt2_thumb_only             0x08000139   Thumb Code     0  __scatter.o(!!!scatter)
    __scatterload_null                       0x08000147   Thumb Code     0  __scatter.o(!!!scatter)
    __decompress                             0x0800016d   Thumb Code   100  __dclz77c.o(!!dclz77c)
    __decompress2                            0x0800016d   Thumb Code     0  __dclz77c.o(!!dclz77c)
    __scatterload_zeroinit                   0x080001d1   Thumb Code    28  __scatter_zi.o(!!handler_zi)
    __rt_lib_init                            0x080001ed   Thumb Code     0  libinit.o(.ARM.Collect$$libinit$$00000000)
    __rt_lib_init_alloca_1                   0x080001ef   Thumb Code     0  libinit2.o(.ARM.Collect$$libinit$$0000002E)
    __rt_lib_init_argv_1                     0x080001ef   Thumb Code     0  libinit2.o(.ARM.Collect$$libinit$$0000002C)
    __rt_lib_init_atexit_1                   0x080001ef   Thumb Code     0  libinit2.o(.ARM.Collect$$libinit$$0000001B)
    __rt_lib_init_clock_1                    0x080001ef   Thumb Code     0  libinit2.o(.ARM.Collect$$libinit$$00000021)
    __rt_lib_init_cpp_1                      0x080001ef   Thumb Code     0  libinit2.o(.ARM.Collect$$libinit$$00000032)
    __rt_lib_init_exceptions_1               0x080001ef   Thumb Code     0  libinit2.o(.ARM.Collect$$libinit$$00000030)
    __rt_lib_init_fp_1                       0x080001ef   Thumb Code     0  libinit2.o(.ARM.Collect$$libinit$$00000002)
    __rt_lib_init_fp_trap_1                  0x080001ef   Thumb Code     0  libinit2.o(.ARM.Collect$$libinit$$0000001F)
    __rt_lib_init_getenv_1                   0x080001ef   Thumb Code     0  libinit2.o(.ARM.Collect$$libinit$$00000023)
    __rt_lib_init_heap_1                     0x080001ef   Thumb Code     0  libinit2.o(.ARM.Collect$$libinit$$0000000A)
    __rt_lib_init_lc_collate_1               0x080001ef   Thumb Code     0  libinit2.o(.ARM.Collect$$libinit$$00000011)
    __rt_lib_init_lc_ctype_1                 0x080001ef   Thumb Code     0  libinit2.o(.ARM.Collect$$libinit$$00000013)
    __rt_lib_init_lc_monetary_1              0x080001ef   Thumb Code     0  libinit2.o(.ARM.Collect$$libinit$$00000015)
    __rt_lib_init_lc_numeric_1               0x080001ef   Thumb Code     0  libinit2.o(.ARM.Collect$$libinit$$00000017)
    __rt_lib_init_lc_time_1                  0x080001ef   Thumb Code     0  libinit2.o(.ARM.Collect$$libinit$$00000019)
    __rt_lib_init_preinit_1                  0x080001ef   Thumb Code     0  libinit2.o(.ARM.Collect$$libinit$$00000004)
    __rt_lib_init_rand_1                     0x080001ef   Thumb Code     0  libinit2.o(.ARM.Collect$$libinit$$0000000E)
    __rt_lib_init_return                     0x080001ef   Thumb Code     0  libinit2.o(.ARM.Collect$$libinit$$00000033)
    __rt_lib_init_signal_1                   0x080001ef   Thumb Code     0  libinit2.o(.ARM.Collect$$libinit$$0000001D)
    __rt_lib_init_stdio_1                    0x080001ef   Thumb Code     0  libinit2.o(.ARM.Collect$$libinit$$00000025)
    __rt_lib_init_user_alloc_1               0x080001ef   Thumb Code     0  libinit2.o(.ARM.Collect$$libinit$$0000000C)
    __rt_lib_shutdown                        0x080001f1   Thumb Code     0  libshutdown.o(.ARM.Collect$$libshutdown$$00000000)
    __rt_lib_shutdown_cpp_1                  0x080001f3   Thumb Code     0  libshutdown2.o(.ARM.Collect$$libshutdown$$00000002)
    __rt_lib_shutdown_fp_trap_1              0x080001f3   Thumb Code     0  libshutdown2.o(.ARM.Collect$$libshutdown$$00000007)
    __rt_lib_shutdown_heap_1                 0x080001f3   Thumb Code     0  libshutdown2.o(.ARM.Collect$$libshutdown$$0000000F)
    __rt_lib_shutdown_return                 0x080001f3   Thumb Code     0  libshutdown2.o(.ARM.Collect$$libshutdown$$00000010)
    __rt_lib_shutdown_signal_1               0x080001f3   Thumb Code     0  libshutdown2.o(.ARM.Collect$$libshutdown$$0000000A)
    __rt_lib_shutdown_stdio_1                0x080001f3   Thumb Code     0  libshutdown2.o(.ARM.Collect$$libshutdown$$00000004)
    __rt_lib_shutdown_user_alloc_1           0x080001f3   Thumb Code     0  libshutdown2.o(.ARM.Collect$$libshutdown$$0000000C)
    __rt_entry                               0x080001f5   Thumb Code     0  __rtentry.o(.ARM.Collect$$rtentry$$00000000)
    __rt_entry_presh_1                       0x080001f5   Thumb Code     0  __rtentry2.o(.ARM.Collect$$rtentry$$00000002)
    __rt_entry_sh                            0x080001f5   Thumb Code     0  __rtentry4.o(.ARM.Collect$$rtentry$$00000004)
    __rt_entry_li                            0x080001fb   Thumb Code     0  __rtentry2.o(.ARM.Collect$$rtentry$$0000000A)
    __rt_entry_postsh_1                      0x080001fb   Thumb Code     0  __rtentry2.o(.ARM.Collect$$rtentry$$00000009)
    __rt_entry_main                          0x080001ff   Thumb Code     0  __rtentry2.o(.ARM.Collect$$rtentry$$0000000D)
    __rt_entry_postli_1                      0x080001ff   Thumb Code     0  __rtentry2.o(.ARM.Collect$$rtentry$$0000000C)
    __rt_exit                                0x08000207   Thumb Code     0  rtexit.o(.ARM.Collect$$rtexit$$00000000)
    __rt_exit_ls                             0x08000209   Thumb Code     0  rtexit2.o(.ARM.Collect$$rtexit$$00000003)
    __rt_exit_prels_1                        0x08000209   Thumb Code     0  rtexit2.o(.ARM.Collect$$rtexit$$00000002)
    __rt_exit_exit                           0x0800020d   Thumb Code     0  rtexit2.o(.ARM.Collect$$rtexit$$00000004)
    Reset_Handler                            0x08000215   Thumb Code     8  startup_stm32f10x_hd.o(.text)
    ADC1_2_IRQHandler                        0x0800022f   Thumb Code     0  startup_stm32f10x_hd.o(.text)
    ADC3_IRQHandler                          0x0800022f   Thumb Code     0  startup_stm32f10x_hd.o(.text)
    CAN1_RX1_IRQHandler                      0x0800022f   Thumb Code     0  startup_stm32f10x_hd.o(.text)
    CAN1_SCE_IRQHandler                      0x0800022f   Thumb Code     0  startup_stm32f10x_hd.o(.text)
    DMA1_Channel1_IRQHandler                 0x0800022f   Thumb Code     0  startup_stm32f10x_hd.o(.text)
    DMA1_Channel2_IRQHandler                 0x0800022f   Thumb Code     0  startup_stm32f10x_hd.o(.text)
    DMA1_Channel3_IRQHandler                 0x0800022f   Thumb Code     0  startup_stm32f10x_hd.o(.text)
    DMA1_Channel4_IRQHandler                 0x0800022f   Thumb Code     0  startup_stm32f10x_hd.o(.text)
    DMA1_Channel5_IRQHandler                 0x0800022f   Thumb Code     0  startup_stm32f10x_hd.o(.text)
    DMA1_Channel6_IRQHandler                 0x0800022f   Thumb Code     0  startup_stm32f10x_hd.o(.text)
    DMA1_Channel7_IRQHandler                 0x0800022f   Thumb Code     0  startup_stm32f10x_hd.o(.text)
    DMA2_Channel1_IRQHandler                 0x0800022f   Thumb Code     0  startup_stm32f10x_hd.o(.text)
    DMA2_Channel2_IRQHandler                 0x0800022f   Thumb Code     0  startup_stm32f10x_hd.o(.text)
    DMA2_Channel3_IRQHandler                 0x0800022f   Thumb Code     0  startup_stm32f10x_hd.o(.text)
    DMA2_Channel4_5_IRQHandler               0x0800022f   Thumb Code     0  startup_stm32f10x_hd.o(.text)
    EXTI0_IRQHandler                         0x0800022f   Thumb Code     0  startup_stm32f10x_hd.o(.text)
    EXTI15_10_IRQHandler                     0x0800022f   Thumb Code     0  startup_stm32f10x_hd.o(.text)
    EXTI1_IRQHandler                         0x0800022f   Thumb Code     0  startup_stm32f10x_hd.o(.text)
    EXTI2_IRQHandler                         0x0800022f   Thumb Code     0  startup_stm32f10x_hd.o(.text)
    EXTI3_IRQHandler                         0x0800022f   Thumb Code     0  startup_stm32f10x_hd.o(.text)
    EXTI4_IRQHandler                         0x0800022f   Thumb Code     0  startup_stm32f10x_hd.o(.text)
    EXTI9_5_IRQHandler                       0x0800022f   Thumb Code     0  startup_stm32f10x_hd.o(.text)
    FLASH_IRQHandler                         0x0800022f   Thumb Code     0  startup_stm32f10x_hd.o(.text)
    FSMC_IRQHandler                          0x0800022f   Thumb Code     0  startup_stm32f10x_hd.o(.text)
    I2C1_ER_IRQHandler                       0x0800022f   Thumb Code     0  startup_stm32f10x_hd.o(.text)
    I2C1_EV_IRQHandler                       0x0800022f   Thumb Code     0  startup_stm32f10x_hd.o(.text)
    I2C2_ER_IRQHandler                       0x0800022f   Thumb Code     0  startup_stm32f10x_hd.o(.text)
    I2C2_EV_IRQHandler                       0x0800022f   Thumb Code     0  startup_stm32f10x_hd.o(.text)
    PVD_IRQHandler                           0x0800022f   Thumb Code     0  startup_stm32f10x_hd.o(.text)
    RCC_IRQHandler                           0x0800022f   Thumb Code     0  startup_stm32f10x_hd.o(.text)
    RTCAlarm_IRQHandler                      0x0800022f   Thumb Code     0  startup_stm32f10x_hd.o(.text)
    RTC_IRQHandler                           0x0800022f   Thumb Code     0  startup_stm32f10x_hd.o(.text)
    SDIO_IRQHandler                          0x0800022f   Thumb Code     0  startup_stm32f10x_hd.o(.text)
    SPI1_IRQHandler                          0x0800022f   Thumb Code     0  startup_stm32f10x_hd.o(.text)
    SPI2_IRQHandler                          0x0800022f   Thumb Code     0  startup_stm32f10x_hd.o(.text)
    SPI3_IRQHandler                          0x0800022f   Thumb Code     0  startup_stm32f10x_hd.o(.text)
    TAMPER_IRQHandler                        0x0800022f   Thumb Code     0  startup_stm32f10x_hd.o(.text)
    TIM1_BRK_IRQHandler                      0x0800022f   Thumb Code     0  startup_stm32f10x_hd.o(.text)
    TIM1_CC_IRQHandler                       0x0800022f   Thumb Code     0  startup_stm32f10x_hd.o(.text)
    TIM1_TRG_COM_IRQHandler                  0x0800022f   Thumb Code     0  startup_stm32f10x_hd.o(.text)
    TIM2_IRQHandler                          0x0800022f   Thumb Code     0  startup_stm32f10x_hd.o(.text)
    TIM4_IRQHandler                          0x0800022f   Thumb Code     0  startup_stm32f10x_hd.o(.text)
    TIM5_IRQHandler                          0x0800022f   Thumb Code     0  startup_stm32f10x_hd.o(.text)
    TIM6_IRQHandler                          0x0800022f   Thumb Code     0  startup_stm32f10x_hd.o(.text)
    TIM7_IRQHandler                          0x0800022f   Thumb Code     0  startup_stm32f10x_hd.o(.text)
    TIM8_BRK_IRQHandler                      0x0800022f   Thumb Code     0  startup_stm32f10x_hd.o(.text)
    TIM8_CC_IRQHandler                       0x0800022f   Thumb Code     0  startup_stm32f10x_hd.o(.text)
    TIM8_TRG_COM_IRQHandler                  0x0800022f   Thumb Code     0  startup_stm32f10x_hd.o(.text)
    TIM8_UP_IRQHandler                       0x0800022f   Thumb Code     0  startup_stm32f10x_hd.o(.text)
    UART4_IRQHandler                         0x0800022f   Thumb Code     0  startup_stm32f10x_hd.o(.text)
    UART5_IRQHandler                         0x0800022f   Thumb Code     0  startup_stm32f10x_hd.o(.text)
    USART3_IRQHandler                        0x0800022f   Thumb Code     0  startup_stm32f10x_hd.o(.text)
    USBWakeUp_IRQHandler                     0x0800022f   Thumb Code     0  startup_stm32f10x_hd.o(.text)
    USB_HP_CAN1_TX_IRQHandler                0x0800022f   Thumb Code     0  startup_stm32f10x_hd.o(.text)
    USB_LP_CAN1_RX0_IRQHandler               0x0800022f   Thumb Code     0  startup_stm32f10x_hd.o(.text)
    WWDG_IRQHandler                          0x0800022f   Thumb Code     0  startup_stm32f10x_hd.o(.text)
    __user_initial_stackheap                 0x08000231   Thumb Code     0  startup_stm32f10x_hd.o(.text)
    __use_no_semihosting                     0x08000255   Thumb Code     2  use_no_semi_2.o(.text)
    __2printf                                0x08000259   Thumb Code    20  noretval__2printf.o(.text)
    strstr                                   0x08000271   Thumb Code    36  strstr.o(.text)
    __use_two_region_memory                  0x08000295   Thumb Code     2  heapauxi.o(.text)
    __rt_heap_escrow$2region                 0x08000297   Thumb Code     2  heapauxi.o(.text)
    __rt_heap_expand$2region                 0x08000299   Thumb Code     2  heapauxi.o(.text)
    __I$use$semihosting                      0x0800029b   Thumb Code     0  use_no_semi.o(.text)
    __use_no_semihosting_swi                 0x0800029b   Thumb Code     2  use_no_semi.o(.text)
    __read_errno                             0x0800029d   Thumb Code    10  _rserrno.o(.text)
    __set_errno                              0x080002a7   Thumb Code    12  _rserrno.o(.text)
    _printf_char_file                        0x080002b5   Thumb Code    32  _printf_char_file.o(.text)
    __aeabi_errno_addr                       0x080002d9   Thumb Code     8  rt_errno_addr_intlibspace.o(.text)
    __errno$intlibspace                      0x080002d9   Thumb Code     0  rt_errno_addr_intlibspace.o(.text)
    __rt_errno_addr$intlibspace              0x080002d9   Thumb Code     0  rt_errno_addr_intlibspace.o(.text)
    _printf_char_common                      0x080002eb   Thumb Code    32  _printf_char_common.o(.text)
    ferror                                   0x08000311   Thumb Code     8  ferror.o(.text)
    __user_libspace                          0x08000319   Thumb Code     8  libspace.o(.text)
    __user_perproc_libspace                  0x08000319   Thumb Code     0  libspace.o(.text)
    __user_perthread_libspace                0x08000319   Thumb Code     0  libspace.o(.text)
    __user_setup_stackheap                   0x08000321   Thumb Code    74  sys_stackheap_outer.o(.text)
    __printf                                 0x0800036b   Thumb Code    40  __printf_nopercent.o(.text)
    exit                                     0x08000393   Thumb Code    18  exit.o(.text)
    ANO_DT_Send_Data                         0x080003a5   Thumb Code    10  ano_dt.o(i.ANO_DT_Send_Data)
    ANO_DT_Send_Status                       0x080003b5   Thumb Code   184  ano_dt.o(i.ANO_DT_Send_Status)
    BusFault_Handler                         0x08000475   Thumb Code     2  stm32f10x_it.o(i.BusFault_Handler)
    Contorl                                  0x08000479   Thumb Code   104  control.o(i.Contorl)
    Contorl_Init                             0x080004e9   Thumb Code   110  control.o(i.Contorl_Init)
    DMA1_USART2_Init                         0x08000569   Thumb Code   234  usart2.o(i.DMA1_USART2_Init)
    DMA_Cmd                                  0x08000665   Thumb Code    26  stm32f10x_dma.o(i.DMA_Cmd)
    DMA_DeInit                               0x08000681   Thumb Code   238  stm32f10x_dma.o(i.DMA_DeInit)
    DMA_ITConfig                             0x08000779   Thumb Code    20  stm32f10x_dma.o(i.DMA_ITConfig)
    DMA_Init                                 0x0800078d   Thumb Code    58  stm32f10x_dma.o(i.DMA_Init)
    Data_Send                                0x080007c9   Thumb Code   294  ano_dt.o(i.Data_Send)
    DebugMon_Handler                         0x080008f5   Thumb Code     2  stm32f10x_it.o(i.DebugMon_Handler)
    GPIO_Init                                0x080008f7   Thumb Code   166  stm32f10x_gpio.o(i.GPIO_Init)
    GPIO_PinRemapConfig                      0x0800099d   Thumb Code    86  stm32f10x_gpio.o(i.GPIO_PinRemapConfig)
    GPIO_ReadInputDataBit                    0x080009f9   Thumb Code    14  stm32f10x_gpio.o(i.GPIO_ReadInputDataBit)
    GPIO_ReadOutputDataBit                   0x08000a07   Thumb Code    14  stm32f10x_gpio.o(i.GPIO_ReadOutputDataBit)
    GPIO_SetBits                             0x08000a15   Thumb Code     4  stm32f10x_gpio.o(i.GPIO_SetBits)
    GPIO_WriteBit                            0x08000a19   Thumb Code    12  stm32f10x_gpio.o(i.GPIO_WriteBit)
    GPS_Analysis                             0x08000a25   Thumb Code     4  gps.o(i.GPS_Analysis)
    Gyroscope_Offset_Init                    0x08000a29   Thumb Code   184  gyroscope_solve.o(i.Gyroscope_Offset_Init)
    Gyroscope_getValues                      0x08000ae9   Thumb Code   274  gyroscope_solve.o(i.Gyroscope_getValues)
    Gyroscope_solve                          0x08000c0d   Thumb Code  1234  gyroscope_solve.o(i.Gyroscope_solve)
    HardFault_Handler                        0x080010ed   Thumb Code     2  stm32f10x_it.o(i.HardFault_Handler)
    KEY_GPIO_Config                          0x080010f1   Thumb Code    34  key.o(i.KEY_GPIO_Config)
    Key_Scan                                 0x08001119   Thumb Code    58  key.o(i.Key_Scan)
    LED_Init                                 0x08001159   Thumb Code    46  led.o(i.LED_Init)
    LED_Toggle                               0x0800118d   Thumb Code    32  led.o(i.LED_Toggle)
    MPU_Get_Accelerometer                    0x080011ad   Thumb Code    68  mpu6050.o(i.MPU_Get_Accelerometer)
    MPU_Get_Gyroscope                        0x080011f1   Thumb Code    68  mpu6050.o(i.MPU_Get_Gyroscope)
    MPU_IIC_Ack                              0x08001235   Thumb Code    44  iic.o(i.MPU_IIC_Ack)
    MPU_IIC_Delay                            0x08001269   Thumb Code     6  iic.o(i.MPU_IIC_Delay)
    MPU_IIC_Init                             0x08001271   Thumb Code    50  iic.o(i.MPU_IIC_Init)
    MPU_IIC_NAck                             0x080012a9   Thumb Code    44  iic.o(i.MPU_IIC_NAck)
    MPU_IIC_Read_Byte                        0x080012dd   Thumb Code    96  iic.o(i.MPU_IIC_Read_Byte)
    MPU_IIC_Send_Byte                        0x08001345   Thumb Code    82  iic.o(i.MPU_IIC_Send_Byte)
    MPU_IIC_Start                            0x080013a1   Thumb Code    44  iic.o(i.MPU_IIC_Start)
    MPU_IIC_Stop                             0x080013d5   Thumb Code    46  iic.o(i.MPU_IIC_Stop)
    MPU_IIC_Wait_Ack                         0x0800140d   Thumb Code    74  iic.o(i.MPU_IIC_Wait_Ack)
    MPU_Init                                 0x08001461   Thumb Code   130  mpu6050.o(i.MPU_Init)
    MPU_Read_Byte                            0x0800150d   Thumb Code    58  mpu6050.o(i.MPU_Read_Byte)
    MPU_Read_Len                             0x08001547   Thumb Code   112  mpu6050.o(i.MPU_Read_Len)
    MPU_Set_Accel_Fsr                        0x080015b7   Thumb Code    10  mpu6050.o(i.MPU_Set_Accel_Fsr)
    MPU_Set_Gyro_Fsr                         0x080015c1   Thumb Code    10  mpu6050.o(i.MPU_Set_Gyro_Fsr)
    MPU_Set_LPF                              0x080015cb   Thumb Code    48  mpu6050.o(i.MPU_Set_LPF)
    MPU_Set_Rate                             0x080015fb   Thumb Code    44  mpu6050.o(i.MPU_Set_Rate)
    MPU_Write_Byte                           0x08001627   Thumb Code    68  mpu6050.o(i.MPU_Write_Byte)
    MemManage_Handler                        0x0800166b   Thumb Code     2  stm32f10x_it.o(i.MemManage_Handler)
    NMEA_Comma_Pos                           0x0800166d   Thumb Code    42  gps.o(i.NMEA_Comma_Pos)
    NMEA_GNRMC_Analysis                      0x08001699   Thumb Code   368  gps.o(i.NMEA_GNRMC_Analysis)
    NMEA_Pow                                 0x08001811   Thumb Code    16  gps.o(i.NMEA_Pow)
    NMEA_Str2num                             0x08001821   Thumb Code   192  gps.o(i.NMEA_Str2num)
    NMI_Handler                              0x080018e1   Thumb Code     2  stm32f10x_it.o(i.NMI_Handler)
    NVIC_Init                                0x080018e5   Thumb Code    96  misc.o(i.NVIC_Init)
    NVIC_PriorityGroupConfig                 0x08001949   Thumb Code    10  misc.o(i.NVIC_PriorityGroupConfig)
    PendSV_Handler                           0x0800195d   Thumb Code     2  stm32f10x_it.o(i.PendSV_Handler)
    RCC_AHBPeriphClockCmd                    0x08001961   Thumb Code    22  stm32f10x_rcc.o(i.RCC_AHBPeriphClockCmd)
    RCC_APB1PeriphClockCmd                   0x0800197d   Thumb Code    22  stm32f10x_rcc.o(i.RCC_APB1PeriphClockCmd)
    RCC_APB1PeriphResetCmd                   0x08001999   Thumb Code    22  stm32f10x_rcc.o(i.RCC_APB1PeriphResetCmd)
    RCC_APB2PeriphClockCmd                   0x080019b5   Thumb Code    22  stm32f10x_rcc.o(i.RCC_APB2PeriphClockCmd)
    RCC_APB2PeriphResetCmd                   0x080019d1   Thumb Code    22  stm32f10x_rcc.o(i.RCC_APB2PeriphResetCmd)
    RCC_GetClocksFreq                        0x080019ed   Thumb Code   154  stm32f10x_rcc.o(i.RCC_GetClocksFreq)
    SVC_Handler                              0x08001a99   Thumb Code     2  stm32f10x_it.o(i.SVC_Handler)
    Speed_Control                            0x08001b51   Thumb Code   102  control.o(i.Speed_Control)
    SysTick_CLKSourceConfig                  0x08001bc9   Thumb Code    28  misc.o(i.SysTick_CLKSourceConfig)
    SysTick_Handler                          0x08001be5   Thumb Code     2  stm32f10x_it.o(i.SysTick_Handler)
    SysTick_Init                             0x08001be9   Thumb Code    24  delay.o(i.SysTick_Init)
    SystemInit                               0x08001c05   Thumb Code    64  system_stm32f10x.o(i.SystemInit)
    TIM1_UP_IRQHandler                       0x08001c55   Thumb Code     8  stm32f10x_it.o(i.TIM1_UP_IRQHandler)
    TIM2_PWM_Init                            0x08001c61   Thumb Code   200  pwm.o(i.TIM2_PWM_Init)
    TIM3_IRQHandler                          0x08001d35   Thumb Code    48  stm32f10x_it.o(i.TIM3_IRQHandler)
    TIM3_Init                                0x08001d71   Thumb Code   100  tim.o(i.TIM3_Init)
    TIM4_PWM_Init                            0x08001dd9   Thumb Code   204  pwm.o(i.TIM4_PWM_Init)
    TIM_ARRPreloadConfig                     0x08001ead   Thumb Code    24  stm32f10x_tim.o(i.TIM_ARRPreloadConfig)
    TIM_ClearITPendingBit                    0x08001ec5   Thumb Code     6  stm32f10x_tim.o(i.TIM_ClearITPendingBit)
    TIM_Cmd                                  0x08001ecb   Thumb Code    24  stm32f10x_tim.o(i.TIM_Cmd)
    TIM_CtrlPWMOutputs                       0x08001ee3   Thumb Code    28  stm32f10x_tim.o(i.TIM_CtrlPWMOutputs)
    TIM_GetITStatus                          0x08001eff   Thumb Code    24  stm32f10x_tim.o(i.TIM_GetITStatus)
    TIM_ITConfig                             0x08001f17   Thumb Code    20  stm32f10x_tim.o(i.TIM_ITConfig)
    TIM_OC1Init                              0x08001f2d   Thumb Code   114  stm32f10x_tim.o(i.TIM_OC1Init)
    TIM_OC1PreloadConfig                     0x08001fb5   Thumb Code    12  stm32f10x_tim.o(i.TIM_OC1PreloadConfig)
    TIM_OC2Init                              0x08001fc1   Thumb Code   128  stm32f10x_tim.o(i.TIM_OC2Init)
    TIM_OC2PreloadConfig                     0x08002049   Thumb Code    20  stm32f10x_tim.o(i.TIM_OC2PreloadConfig)
    TIM_OC3Init                              0x0800205d   Thumb Code   124  stm32f10x_tim.o(i.TIM_OC3Init)
    TIM_OC3PreloadConfig                     0x080020e1   Thumb Code    12  stm32f10x_tim.o(i.TIM_OC3PreloadConfig)
    TIM_SetCompare1                          0x080020ed   Thumb Code     4  stm32f10x_tim.o(i.TIM_SetCompare1)
    TIM_SetCompare2                          0x080020f1   Thumb Code     4  stm32f10x_tim.o(i.TIM_SetCompare2)
    TIM_SetCompare3                          0x080020f5   Thumb Code     4  stm32f10x_tim.o(i.TIM_SetCompare3)
    TIM_TimeBaseInit                         0x080020f9   Thumb Code   114  stm32f10x_tim.o(i.TIM_TimeBaseInit)
    USART1_IRQHandler                        0x08002195   Thumb Code    92  usart.o(i.USART1_IRQHandler)
    USART2_IRQHandler                        0x080021fd   Thumb Code   104  usart2.o(i.USART2_IRQHandler)
    USART2_Init                              0x08002281   Thumb Code   174  usart2.o(i.USART2_Init)
    USART_ClearFlag                          0x08002339   Thumb Code     8  stm32f10x_usart.o(i.USART_ClearFlag)
    USART_Cmd                                0x08002341   Thumb Code    24  stm32f10x_usart.o(i.USART_Cmd)
    USART_DMACmd                             0x08002359   Thumb Code    20  stm32f10x_usart.o(i.USART_DMACmd)
    USART_DeInit                             0x0800236d   Thumb Code   144  stm32f10x_usart.o(i.USART_DeInit)
    USART_GetFlagStatus                      0x08002411   Thumb Code    14  stm32f10x_usart.o(i.USART_GetFlagStatus)
    USART_GetITStatus                        0x0800241f   Thumb Code    64  stm32f10x_usart.o(i.USART_GetITStatus)
    USART_ITConfig                           0x0800245f   Thumb Code    54  stm32f10x_usart.o(i.USART_ITConfig)
    USART_Init                               0x08002495   Thumb Code   182  stm32f10x_usart.o(i.USART_Init)
    USART_ReceiveData                        0x08002551   Thumb Code     8  stm32f10x_usart.o(i.USART_ReceiveData)
    USART_SendArray                          0x08002559   Thumb Code    34  usart.o(i.USART_SendArray)
    USART_SendByte                           0x0800257b   Thumb Code    24  usart.o(i.USART_SendByte)
    USART_SendData                           0x08002593   Thumb Code     8  stm32f10x_usart.o(i.USART_SendData)
    UsageFault_Handler                       0x0800259b   Thumb Code     2  stm32f10x_it.o(i.UsageFault_Handler)
    __ARM_fpclassify                         0x0800259d   Thumb Code    40  fpclassify.o(i.__ARM_fpclassify)
    __kernel_poly                            0x080025c5   Thumb Code   170  poly.o(i.__kernel_poly)
    __mathlib_dbl_infnan                     0x0800266f   Thumb Code     6  dunder.o(i.__mathlib_dbl_infnan)
    __mathlib_dbl_invalid                    0x08002675   Thumb Code    12  dunder.o(i.__mathlib_dbl_invalid)
    __mathlib_dbl_underflow                  0x08002681   Thumb Code    10  dunder.o(i.__mathlib_dbl_underflow)
    _sys_exit                                0x08002691   Thumb Code     2  usart.o(i._sys_exit)
    arcsin_lookup                            0x08002695   Thumb Code   162  mymath.o(i.arcsin_lookup)
    asin                                     0x08002751   Thumb Code   572  asin.o(i.asin)
    delay_ms                                 0x080029c1   Thumb Code    46  delay.o(i.delay_ms)
    delay_us                                 0x080029f5   Thumb Code    46  delay.o(i.delay_us)
    fast_atan2                               0x08002a29   Thumb Code   264  mymath.o(i.fast_atan2)
    fputc                                    0x08002b49   Thumb Code    18  usart.o(i.fputc)
    init_arcsin_table                        0x08002b61   Thumb Code    66  mymath.o(i.init_arcsin_table)
    main                                     0x08002bb1   Thumb Code    22  main.o(i.main)
    myRsqrt                                  0x08002bcd   Thumb Code    50  mymath.o(i.myRsqrt)
    myabs_f                                  0x08002c05   Thumb Code    12  mymath.o(i.myabs_f)
    sqrt                                     0x08002c11   Thumb Code    76  sqrt.o(i.sqrt)
    uart_init                                0x08002c5d   Thumb Code   152  usart.o(i.uart_init)
    __aeabi_d2f                              0x08002cfd   Thumb Code     0  d2f.o(x$fpl$d2f)
    _d2f                                     0x08002cfd   Thumb Code    98  d2f.o(x$fpl$d2f)
    __aeabi_dadd                             0x08002d61   Thumb Code     0  daddsub_clz.o(x$fpl$dadd)
    _dadd                                    0x08002d61   Thumb Code   332  daddsub_clz.o(x$fpl$dadd)
    __fpl_dcheck_NaN1                        0x08002eb1   Thumb Code    10  dcheck1.o(x$fpl$dcheck1)
    __fpl_dcmp_Inf                           0x08002ec1   Thumb Code    24  dcmpi.o(x$fpl$dcmpinf)
    __aeabi_ddiv                             0x08002ed9   Thumb Code     0  ddiv.o(x$fpl$ddiv)
    _ddiv                                    0x08002ed9   Thumb Code   552  ddiv.o(x$fpl$ddiv)
    __aeabi_d2iz                             0x08003189   Thumb Code     0  dfix.o(x$fpl$dfix)
    _dfix                                    0x08003189   Thumb Code    94  dfix.o(x$fpl$dfix)
    __aeabi_i2d                              0x080031e7   Thumb Code     0  dflt_clz.o(x$fpl$dflt)
    _dflt                                    0x080031e7   Thumb Code    46  dflt_clz.o(x$fpl$dflt)
    __aeabi_cdcmple                          0x08003215   Thumb Code     0  dleqf.o(x$fpl$dleqf)
    _dcmple                                  0x08003215   Thumb Code   120  dleqf.o(x$fpl$dleqf)
    __fpl_dcmple_InfNaN                      0x08003277   Thumb Code     0  dleqf.o(x$fpl$dleqf)
    __aeabi_dmul                             0x0800328d   Thumb Code     0  dmul.o(x$fpl$dmul)
    _dmul                                    0x0800328d   Thumb Code   332  dmul.o(x$fpl$dmul)
    __fpl_dnaninf                            0x080033e1   Thumb Code   156  dnaninf.o(x$fpl$dnaninf)
    __fpl_dretinf                            0x0800347d   Thumb Code    12  dretinf.o(x$fpl$dretinf)
    __aeabi_cdrcmple                         0x08003489   Thumb Code     0  drleqf.o(x$fpl$drleqf)
    _drcmple                                 0x08003489   Thumb Code   108  drleqf.o(x$fpl$drleqf)
    __aeabi_drsub                            0x080034f5   Thumb Code     0  daddsub_clz.o(x$fpl$drsb)
    _drsb                                    0x080034f5   Thumb Code    22  daddsub_clz.o(x$fpl$drsb)
    _dsqrt                                   0x0800350d   Thumb Code   456  dsqrt_noumaal.o(x$fpl$dsqrt)
    __aeabi_dsub                             0x080036d9   Thumb Code     0  daddsub_clz.o(x$fpl$dsub)
    _dsub                                    0x080036d9   Thumb Code   464  daddsub_clz.o(x$fpl$dsub)
    __aeabi_f2d                              0x080038ad   Thumb Code     0  f2d.o(x$fpl$f2d)
    _f2d                                     0x080038ad   Thumb Code    86  f2d.o(x$fpl$f2d)
    __aeabi_fadd                             0x08003905   Thumb Code     0  faddsub_clz.o(x$fpl$fadd)
    _fadd                                    0x08003905   Thumb Code   196  faddsub_clz.o(x$fpl$fadd)
    __fpl_fcheck_NaN1                        0x080039c9   Thumb Code     6  fcheck1.o(x$fpl$fcheck1)
    __fpl_fcmp_Inf                           0x080039d5   Thumb Code    24  fcmpi.o(x$fpl$fcmpinf)
    __aeabi_fdiv                             0x080039ed   Thumb Code     0  fdiv.o(x$fpl$fdiv)
    _fdiv                                    0x080039ed   Thumb Code   384  fdiv.o(x$fpl$fdiv)
    __aeabi_f2iz                             0x08003b71   Thumb Code     0  ffix.o(x$fpl$ffix)
    _ffix                                    0x08003b71   Thumb Code    54  ffix.o(x$fpl$ffix)
    __aeabi_f2uiz                            0x08003ba9   Thumb Code     0  ffixu.o(x$fpl$ffixu)
    _ffixu                                   0x08003ba9   Thumb Code    62  ffixu.o(x$fpl$ffixu)
    __aeabi_i2f                              0x08003be9   Thumb Code     0  fflt_clz.o(x$fpl$fflt)
    _fflt                                    0x08003be9   Thumb Code    48  fflt_clz.o(x$fpl$fflt)
    __aeabi_ui2f                             0x08003c19   Thumb Code     0  fflt_clz.o(x$fpl$ffltu)
    _ffltu                                   0x08003c19   Thumb Code    38  fflt_clz.o(x$fpl$ffltu)
    __aeabi_cfcmple                          0x08003c41   Thumb Code     0  fleqf.o(x$fpl$fleqf)
    _fcmple                                  0x08003c41   Thumb Code   104  fleqf.o(x$fpl$fleqf)
    __fpl_fcmple_InfNaN                      0x08003c93   Thumb Code     0  fleqf.o(x$fpl$fleqf)
    __aeabi_fmul                             0x08003ca9   Thumb Code     0  fmul.o(x$fpl$fmul)
    _fmul                                    0x08003ca9   Thumb Code   258  fmul.o(x$fpl$fmul)
    __fpl_fnaninf                            0x08003dab   Thumb Code   140  fnaninf.o(x$fpl$fnaninf)
    __fpl_fretinf                            0x08003e37   Thumb Code    10  fretinf.o(x$fpl$fretinf)
    __aeabi_cfrcmple                         0x08003e41   Thumb Code     0  frleqf.o(x$fpl$frleqf)
    _frcmple                                 0x08003e41   Thumb Code    98  frleqf.o(x$fpl$frleqf)
    __aeabi_frsub                            0x08003ea3   Thumb Code     0  faddsub_clz.o(x$fpl$frsb)
    _frsb                                    0x08003ea3   Thumb Code    20  faddsub_clz.o(x$fpl$frsb)
    __aeabi_fsub                             0x08003eb9   Thumb Code     0  faddsub_clz.o(x$fpl$fsub)
    _fsub                                    0x08003eb9   Thumb Code   234  faddsub_clz.o(x$fpl$fsub)
    __fpl_return_NaN                         0x08003fa3   Thumb Code   100  retnan.o(x$fpl$retnan)
    __ARM_scalbn                             0x08004007   Thumb Code    92  scalbn.o(x$fpl$scalbn)
    __ARM_scalbnf                            0x08004063   Thumb Code    76  scalbnf.o(x$fpl$scalbnf)
    __fpl_cmpreturn                          0x080040af   Thumb Code    48  trapv.o(x$fpl$trapveneer)
    __I$use$fp                               0x080040de   Number         0  usenofp.o(x$fpl$usenofp)
    Region$$Table$$Base                      0x08004130   Number         0  anon$$obj.o(Region$$Table)
    Region$$Table$$Limit                     0x08004150   Number         0  anon$$obj.o(Region$$Table)
    solve_flag                               0x20000000   Data           1  stm32f10x_it.o(.data)
    USART_RX_STA                             0x20000006   Data           2  usart.o(.data)
    __stdout                                 0x20000008   Data           4  usart.o(.data)
    witchbuf                                 0x20000020   Data           1  usart2.o(.data)
    C_0                                      0x20000024   Data           1  gyroscope_solve.o(.data)
    icm_kp                                   0x20000028   Data           4  gyroscope_solve.o(.data)
    icm_ki                                   0x2000002c   Data           4  gyroscope_solve.o(.data)
    dt                                       0x20000030   Data           4  gyroscope_solve.o(.data)
    I_ex                                     0x20000038   Data           4  gyroscope_solve.o(.data)
    I_ey                                     0x2000003c   Data           4  gyroscope_solve.o(.data)
    I_ez                                     0x20000040   Data           4  gyroscope_solve.o(.data)
    Q_bias                                   0x20000044   Data           4  gyroscope_solve.o(.data)
    Angle_err                                0x20000048   Data           4  gyroscope_solve.o(.data)
    PCt_0                                    0x2000004c   Data           4  gyroscope_solve.o(.data)
    PCt_1                                    0x20000050   Data           4  gyroscope_solve.o(.data)
    E                                        0x20000054   Data           4  gyroscope_solve.o(.data)
    K_0                                      0x20000058   Data           4  gyroscope_solve.o(.data)
    K_1                                      0x2000005c   Data           4  gyroscope_solve.o(.data)
    t_0                                      0x20000060   Data           4  gyroscope_solve.o(.data)
    t_1                                      0x20000064   Data           4  gyroscope_solve.o(.data)
    Q_info                                   0x20000068   Data          16  gyroscope_solve.o(.data)
    PP                                       0x20000078   Data          16  gyroscope_solve.o(.data)
    fast_atan_table                          0x20000088   Data        1028  mymath.o(.data)
    gps_flag                                 0x2000048c   Data           1  control.o(.data)
    USART_RX_BUF                             0x20000494   Data         200  usart.o(.bss)
    USART2_TX_BUF                            0x20000560   Data        1024  usart2.o(.bss)
    u1rxbuf                                  0x20000960   Data         512  usart2.o(.bss)
    u2rxbuf                                  0x20000b60   Data         512  usart2.o(.bss)
    Pdot                                     0x20000d60   Data          16  gyroscope_solve.o(.bss)
    Gyroscope_raw_data                       0x20000d70   Data          12  gyroscope_solve.o(.bss)
    GyroOffset                               0x20000d7c   Data          24  gyroscope_solve.o(.bss)
    Gyroscope_data                           0x20000d94   Data          24  gyroscope_solve.o(.bss)
    eulerAngle                               0x20000db0   Data          16  gyroscope_solve.o(.bss)
    arcsin_table                             0x20000dc0   Data        8000  mymath.o(.bss)
    data_to_send                             0x20002d00   Data          50  ano_dt.o(.bss)
    gpsx                                     0x20002d32   Data         166  control.o(.bss)
    __libspace_start                         0x20002dd8   Data          96  libspace.o(.bss)
    __temporary_stack_top$libspace           0x20002e38   Data           0  libspace.o(.bss)



==============================================================================

Memory Map of the image

  Image Entry point : 0x08000215

  Load Region LR_1 (Base: 0x08000000, Size: 0x000045e4, Max: 0xffffffff, ABSOLUTE, COMPRESSED[0x00004590])

    Execution Region ER_RO (Exec base: 0x08000000, Load base: 0x08000000, Size: 0x00004150, Max: 0xffffffff, ABSOLUTE)

    Exec Addr    Load Addr    Size         Type   Attr      Idx    E Section Name        Object

    0x08000000   0x08000000   0x00000130   Data   RO          437    RESET               startup_stm32f10x_hd.o
    0x08000130   0x08000130   0x00000008   Code   RO         4163  * !!!main             c_w.l(__main.o)
    0x08000138   0x08000138   0x00000034   Code   RO         4471    !!!scatter          c_w.l(__scatter.o)
    0x0800016c   0x0800016c   0x00000064   Code   RO         4469    !!dclz77c           c_w.l(__dclz77c.o)
    0x080001d0   0x080001d0   0x0000001c   Code   RO         4473    !!handler_zi        c_w.l(__scatter_zi.o)
    0x080001ec   0x080001ec   0x00000002   Code   RO         4344    .ARM.Collect$$libinit$$00000000  c_w.l(libinit.o)
    0x080001ee   0x080001ee   0x00000000   Code   RO         4350    .ARM.Collect$$libinit$$00000002  c_w.l(libinit2.o)
    0x080001ee   0x080001ee   0x00000000   Code   RO         4352    .ARM.Collect$$libinit$$00000004  c_w.l(libinit2.o)
    0x080001ee   0x080001ee   0x00000000   Code   RO         4355    .ARM.Collect$$libinit$$0000000A  c_w.l(libinit2.o)
    0x080001ee   0x080001ee   0x00000000   Code   RO         4357    .ARM.Collect$$libinit$$0000000C  c_w.l(libinit2.o)
    0x080001ee   0x080001ee   0x00000000   Code   RO         4359    .ARM.Collect$$libinit$$0000000E  c_w.l(libinit2.o)
    0x080001ee   0x080001ee   0x00000000   Code   RO         4362    .ARM.Collect$$libinit$$00000011  c_w.l(libinit2.o)
    0x080001ee   0x080001ee   0x00000000   Code   RO         4364    .ARM.Collect$$libinit$$00000013  c_w.l(libinit2.o)
    0x080001ee   0x080001ee   0x00000000   Code   RO         4366    .ARM.Collect$$libinit$$00000015  c_w.l(libinit2.o)
    0x080001ee   0x080001ee   0x00000000   Code   RO         4368    .ARM.Collect$$libinit$$00000017  c_w.l(libinit2.o)
    0x080001ee   0x080001ee   0x00000000   Code   RO         4370    .ARM.Collect$$libinit$$00000019  c_w.l(libinit2.o)
    0x080001ee   0x080001ee   0x00000000   Code   RO         4372    .ARM.Collect$$libinit$$0000001B  c_w.l(libinit2.o)
    0x080001ee   0x080001ee   0x00000000   Code   RO         4374    .ARM.Collect$$libinit$$0000001D  c_w.l(libinit2.o)
    0x080001ee   0x080001ee   0x00000000   Code   RO         4376    .ARM.Collect$$libinit$$0000001F  c_w.l(libinit2.o)
    0x080001ee   0x080001ee   0x00000000   Code   RO         4378    .ARM.Collect$$libinit$$00000021  c_w.l(libinit2.o)
    0x080001ee   0x080001ee   0x00000000   Code   RO         4380    .ARM.Collect$$libinit$$00000023  c_w.l(libinit2.o)
    0x080001ee   0x080001ee   0x00000000   Code   RO         4382    .ARM.Collect$$libinit$$00000025  c_w.l(libinit2.o)
    0x080001ee   0x080001ee   0x00000000   Code   RO         4386    .ARM.Collect$$libinit$$0000002C  c_w.l(libinit2.o)
    0x080001ee   0x080001ee   0x00000000   Code   RO         4388    .ARM.Collect$$libinit$$0000002E  c_w.l(libinit2.o)
    0x080001ee   0x080001ee   0x00000000   Code   RO         4390    .ARM.Collect$$libinit$$00000030  c_w.l(libinit2.o)
    0x080001ee   0x080001ee   0x00000000   Code   RO         4392    .ARM.Collect$$libinit$$00000032  c_w.l(libinit2.o)
    0x080001ee   0x080001ee   0x00000002   Code   RO         4393    .ARM.Collect$$libinit$$00000033  c_w.l(libinit2.o)
    0x080001f0   0x080001f0   0x00000002   Code   RO         4411    .ARM.Collect$$libshutdown$$00000000  c_w.l(libshutdown.o)
    0x080001f2   0x080001f2   0x00000000   Code   RO         4421    .ARM.Collect$$libshutdown$$00000002  c_w.l(libshutdown2.o)
    0x080001f2   0x080001f2   0x00000000   Code   RO         4423    .ARM.Collect$$libshutdown$$00000004  c_w.l(libshutdown2.o)
    0x080001f2   0x080001f2   0x00000000   Code   RO         4426    .ARM.Collect$$libshutdown$$00000007  c_w.l(libshutdown2.o)
    0x080001f2   0x080001f2   0x00000000   Code   RO         4429    .ARM.Collect$$libshutdown$$0000000A  c_w.l(libshutdown2.o)
    0x080001f2   0x080001f2   0x00000000   Code   RO         4431    .ARM.Collect$$libshutdown$$0000000C  c_w.l(libshutdown2.o)
    0x080001f2   0x080001f2   0x00000000   Code   RO         4434    .ARM.Collect$$libshutdown$$0000000F  c_w.l(libshutdown2.o)
    0x080001f2   0x080001f2   0x00000002   Code   RO         4435    .ARM.Collect$$libshutdown$$00000010  c_w.l(libshutdown2.o)
    0x080001f4   0x080001f4   0x00000000   Code   RO         4251    .ARM.Collect$$rtentry$$00000000  c_w.l(__rtentry.o)
    0x080001f4   0x080001f4   0x00000000   Code   RO         4301    .ARM.Collect$$rtentry$$00000002  c_w.l(__rtentry2.o)
    0x080001f4   0x080001f4   0x00000006   Code   RO         4313    .ARM.Collect$$rtentry$$00000004  c_w.l(__rtentry4.o)
    0x080001fa   0x080001fa   0x00000000   Code   RO         4303    .ARM.Collect$$rtentry$$00000009  c_w.l(__rtentry2.o)
    0x080001fa   0x080001fa   0x00000004   Code   RO         4304    .ARM.Collect$$rtentry$$0000000A  c_w.l(__rtentry2.o)
    0x080001fe   0x080001fe   0x00000000   Code   RO         4306    .ARM.Collect$$rtentry$$0000000C  c_w.l(__rtentry2.o)
    0x080001fe   0x080001fe   0x00000008   Code   RO         4307    .ARM.Collect$$rtentry$$0000000D  c_w.l(__rtentry2.o)
    0x08000206   0x08000206   0x00000002   Code   RO         4347    .ARM.Collect$$rtexit$$00000000  c_w.l(rtexit.o)
    0x08000208   0x08000208   0x00000000   Code   RO         4395    .ARM.Collect$$rtexit$$00000002  c_w.l(rtexit2.o)
    0x08000208   0x08000208   0x00000004   Code   RO         4396    .ARM.Collect$$rtexit$$00000003  c_w.l(rtexit2.o)
    0x0800020c   0x0800020c   0x00000006   Code   RO         4397    .ARM.Collect$$rtexit$$00000004  c_w.l(rtexit2.o)
    0x08000212   0x08000212   0x00000002   PAD
    0x08000214   0x08000214   0x00000040   Code   RO          438  * .text               startup_stm32f10x_hd.o
    0x08000254   0x08000254   0x00000002   Code   RO         4153    .text               c_w.l(use_no_semi_2.o)
    0x08000256   0x08000256   0x00000002   PAD
    0x08000258   0x08000258   0x00000018   Code   RO         4157    .text               c_w.l(noretval__2printf.o)
    0x08000270   0x08000270   0x00000024   Code   RO         4159    .text               c_w.l(strstr.o)
    0x08000294   0x08000294   0x00000006   Code   RO         4161    .text               c_w.l(heapauxi.o)
    0x0800029a   0x0800029a   0x00000002   Code   RO         4249    .text               c_w.l(use_no_semi.o)
    0x0800029c   0x0800029c   0x00000016   Code   RO         4252    .text               c_w.l(_rserrno.o)
    0x080002b2   0x080002b2   0x00000002   PAD
    0x080002b4   0x080002b4   0x00000024   Code   RO         4254    .text               c_w.l(_printf_char_file.o)
    0x080002d8   0x080002d8   0x00000008   Code   RO         4318    .text               c_w.l(rt_errno_addr_intlibspace.o)
    0x080002e0   0x080002e0   0x00000030   Code   RO         4320    .text               c_w.l(_printf_char_common.o)
    0x08000310   0x08000310   0x00000008   Code   RO         4322    .text               c_w.l(ferror.o)
    0x08000318   0x08000318   0x00000008   Code   RO         4330    .text               c_w.l(libspace.o)
    0x08000320   0x08000320   0x0000004a   Code   RO         4333    .text               c_w.l(sys_stackheap_outer.o)
    0x0800036a   0x0800036a   0x00000028   Code   RO         4335    .text               c_w.l(__printf_nopercent.o)
    0x08000392   0x08000392   0x00000012   Code   RO         4337    .text               c_w.l(exit.o)
    0x080003a4   0x080003a4   0x00000010   Code   RO         4068    i.ANO_DT_Send_Data  ano_dt.o
    0x080003b4   0x080003b4   0x000000c0   Code   RO         4069    i.ANO_DT_Send_Status  ano_dt.o
    0x08000474   0x08000474   0x00000002   Code   RO          160    i.BusFault_Handler  stm32f10x_it.o
    0x08000476   0x08000476   0x00000002   PAD
    0x08000478   0x08000478   0x00000070   Code   RO         4113    i.Contorl           control.o
    0x080004e8   0x080004e8   0x00000080   Code   RO         4114    i.Contorl_Init      control.o
    0x08000568   0x08000568   0x000000fc   Code   RO         3625    i.DMA1_USART2_Init  usart2.o
    0x08000664   0x08000664   0x0000001a   Code   RO         1169    i.DMA_Cmd           stm32f10x_dma.o
    0x0800067e   0x0800067e   0x00000002   PAD
    0x08000680   0x08000680   0x000000f8   Code   RO         1170    i.DMA_DeInit        stm32f10x_dma.o
    0x08000778   0x08000778   0x00000014   Code   RO         1174    i.DMA_ITConfig      stm32f10x_dma.o
    0x0800078c   0x0800078c   0x0000003a   Code   RO         1175    i.DMA_Init          stm32f10x_dma.o
    0x080007c6   0x080007c6   0x00000002   PAD
    0x080007c8   0x080007c8   0x0000012c   Code   RO         4070    i.Data_Send         ano_dt.o
    0x080008f4   0x080008f4   0x00000002   Code   RO          161    i.DebugMon_Handler  stm32f10x_it.o
    0x080008f6   0x080008f6   0x000000a6   Code   RO         1593    i.GPIO_Init         stm32f10x_gpio.o
    0x0800099c   0x0800099c   0x0000005c   Code   RO         1595    i.GPIO_PinRemapConfig  stm32f10x_gpio.o
    0x080009f8   0x080009f8   0x0000000e   Code   RO         1597    i.GPIO_ReadInputDataBit  stm32f10x_gpio.o
    0x08000a06   0x08000a06   0x0000000e   Code   RO         1599    i.GPIO_ReadOutputDataBit  stm32f10x_gpio.o
    0x08000a14   0x08000a14   0x00000004   Code   RO         1601    i.GPIO_SetBits      stm32f10x_gpio.o
    0x08000a18   0x08000a18   0x0000000c   Code   RO         1604    i.GPIO_WriteBit     stm32f10x_gpio.o
    0x08000a24   0x08000a24   0x00000004   Code   RO         3693    i.GPS_Analysis      gps.o
    0x08000a28   0x08000a28   0x000000c0   Code   RO         3955    i.Gyroscope_Offset_Init  gyroscope_solve.o
    0x08000ae8   0x08000ae8   0x00000124   Code   RO         3956    i.Gyroscope_getValues  gyroscope_solve.o
    0x08000c0c   0x08000c0c   0x000004e0   Code   RO         3957    i.Gyroscope_solve   gyroscope_solve.o
    0x080010ec   0x080010ec   0x00000002   Code   RO          162    i.HardFault_Handler  stm32f10x_it.o
    0x080010ee   0x080010ee   0x00000002   PAD
    0x080010f0   0x080010f0   0x00000028   Code   RO         3451    i.KEY_GPIO_Config   key.o
    0x08001118   0x08001118   0x00000040   Code   RO         3452    i.Key_Scan          key.o
    0x08001158   0x08001158   0x00000034   Code   RO         3409    i.LED_Init          led.o
    0x0800118c   0x0800118c   0x00000020   Code   RO         3410    i.LED_Toggle        led.o
    0x080011ac   0x080011ac   0x00000044   Code   RO         3877    i.MPU_Get_Accelerometer  mpu6050.o
    0x080011f0   0x080011f0   0x00000044   Code   RO         3878    i.MPU_Get_Gyroscope  mpu6050.o
    0x08001234   0x08001234   0x00000034   Code   RO         3817    i.MPU_IIC_Ack       iic.o
    0x08001268   0x08001268   0x00000006   Code   RO         3818    i.MPU_IIC_Delay     iic.o
    0x0800126e   0x0800126e   0x00000002   PAD
    0x08001270   0x08001270   0x00000038   Code   RO         3819    i.MPU_IIC_Init      iic.o
    0x080012a8   0x080012a8   0x00000034   Code   RO         3820    i.MPU_IIC_NAck      iic.o
    0x080012dc   0x080012dc   0x00000068   Code   RO         3821    i.MPU_IIC_Read_Byte  iic.o
    0x08001344   0x08001344   0x0000005c   Code   RO         3822    i.MPU_IIC_Send_Byte  iic.o
    0x080013a0   0x080013a0   0x00000034   Code   RO         3823    i.MPU_IIC_Start     iic.o
    0x080013d4   0x080013d4   0x00000038   Code   RO         3824    i.MPU_IIC_Stop      iic.o
    0x0800140c   0x0800140c   0x00000054   Code   RO         3825    i.MPU_IIC_Wait_Ack  iic.o
    0x08001460   0x08001460   0x000000ac   Code   RO         3880    i.MPU_Init          mpu6050.o
    0x0800150c   0x0800150c   0x0000003a   Code   RO         3881    i.MPU_Read_Byte     mpu6050.o
    0x08001546   0x08001546   0x00000070   Code   RO         3882    i.MPU_Read_Len      mpu6050.o
    0x080015b6   0x080015b6   0x0000000a   Code   RO         3883    i.MPU_Set_Accel_Fsr  mpu6050.o
    0x080015c0   0x080015c0   0x0000000a   Code   RO         3884    i.MPU_Set_Gyro_Fsr  mpu6050.o
    0x080015ca   0x080015ca   0x00000030   Code   RO         3885    i.MPU_Set_LPF       mpu6050.o
    0x080015fa   0x080015fa   0x0000002c   Code   RO         3886    i.MPU_Set_Rate      mpu6050.o
    0x08001626   0x08001626   0x00000044   Code   RO         3887    i.MPU_Write_Byte    mpu6050.o
    0x0800166a   0x0800166a   0x00000002   Code   RO          163    i.MemManage_Handler  stm32f10x_it.o
    0x0800166c   0x0800166c   0x0000002a   Code   RO         3695    i.NMEA_Comma_Pos    gps.o
    0x08001696   0x08001696   0x00000002   PAD
    0x08001698   0x08001698   0x00000178   Code   RO         3698    i.NMEA_GNRMC_Analysis  gps.o
    0x08001810   0x08001810   0x00000010   Code   RO         3701    i.NMEA_Pow          gps.o
    0x08001820   0x08001820   0x000000c0   Code   RO         3702    i.NMEA_Str2num      gps.o
    0x080018e0   0x080018e0   0x00000002   Code   RO          164    i.NMI_Handler       stm32f10x_it.o
    0x080018e2   0x080018e2   0x00000002   PAD
    0x080018e4   0x080018e4   0x00000064   Code   RO          442    i.NVIC_Init         misc.o
    0x08001948   0x08001948   0x00000014   Code   RO          443    i.NVIC_PriorityGroupConfig  misc.o
    0x0800195c   0x0800195c   0x00000002   Code   RO          165    i.PendSV_Handler    stm32f10x_it.o
    0x0800195e   0x0800195e   0x00000002   PAD
    0x08001960   0x08001960   0x0000001c   Code   RO         2008    i.RCC_AHBPeriphClockCmd  stm32f10x_rcc.o
    0x0800197c   0x0800197c   0x0000001c   Code   RO         2009    i.RCC_APB1PeriphClockCmd  stm32f10x_rcc.o
    0x08001998   0x08001998   0x0000001c   Code   RO         2010    i.RCC_APB1PeriphResetCmd  stm32f10x_rcc.o
    0x080019b4   0x080019b4   0x0000001c   Code   RO         2011    i.RCC_APB2PeriphClockCmd  stm32f10x_rcc.o
    0x080019d0   0x080019d0   0x0000001c   Code   RO         2012    i.RCC_APB2PeriphResetCmd  stm32f10x_rcc.o
    0x080019ec   0x080019ec   0x000000ac   Code   RO         2019    i.RCC_GetClocksFreq  stm32f10x_rcc.o
    0x08001a98   0x08001a98   0x00000002   Code   RO          166    i.SVC_Handler       stm32f10x_it.o
    0x08001a9a   0x08001a9a   0x00000004   Code   RO          282    i.SetSysClock       system_stm32f10x.o
    0x08001a9e   0x08001a9e   0x00000002   PAD
    0x08001aa0   0x08001aa0   0x000000b0   Code   RO          283    i.SetSysClockTo72   system_stm32f10x.o
    0x08001b50   0x08001b50   0x00000078   Code   RO         4115    i.Speed_Control     control.o
    0x08001bc8   0x08001bc8   0x0000001c   Code   RO          446    i.SysTick_CLKSourceConfig  misc.o
    0x08001be4   0x08001be4   0x00000002   Code   RO          167    i.SysTick_Handler   stm32f10x_it.o
    0x08001be6   0x08001be6   0x00000002   PAD
    0x08001be8   0x08001be8   0x0000001c   Code   RO          316    i.SysTick_Init      delay.o
    0x08001c04   0x08001c04   0x00000050   Code   RO          285    i.SystemInit        system_stm32f10x.o
    0x08001c54   0x08001c54   0x0000000c   Code   RO          168    i.TIM1_UP_IRQHandler  stm32f10x_it.o
    0x08001c60   0x08001c60   0x000000d4   Code   RO         3428    i.TIM2_PWM_Init     pwm.o
    0x08001d34   0x08001d34   0x0000003c   Code   RO          169    i.TIM3_IRQHandler   stm32f10x_it.o
    0x08001d70   0x08001d70   0x00000068   Code   RO         4096    i.TIM3_Init         tim.o
    0x08001dd8   0x08001dd8   0x000000d4   Code   RO         3429    i.TIM4_PWM_Init     pwm.o
    0x08001eac   0x08001eac   0x00000018   Code   RO         2631    i.TIM_ARRPreloadConfig  stm32f10x_tim.o
    0x08001ec4   0x08001ec4   0x00000006   Code   RO         2638    i.TIM_ClearITPendingBit  stm32f10x_tim.o
    0x08001eca   0x08001eca   0x00000018   Code   RO         2643    i.TIM_Cmd           stm32f10x_tim.o
    0x08001ee2   0x08001ee2   0x0000001c   Code   RO         2645    i.TIM_CtrlPWMOutputs  stm32f10x_tim.o
    0x08001efe   0x08001efe   0x00000018   Code   RO         2664    i.TIM_GetITStatus   stm32f10x_tim.o
    0x08001f16   0x08001f16   0x00000014   Code   RO         2668    i.TIM_ITConfig      stm32f10x_tim.o
    0x08001f2a   0x08001f2a   0x00000002   PAD
    0x08001f2c   0x08001f2c   0x00000088   Code   RO         2672    i.TIM_OC1Init       stm32f10x_tim.o
    0x08001fb4   0x08001fb4   0x0000000c   Code   RO         2675    i.TIM_OC1PreloadConfig  stm32f10x_tim.o
    0x08001fc0   0x08001fc0   0x00000088   Code   RO         2677    i.TIM_OC2Init       stm32f10x_tim.o
    0x08002048   0x08002048   0x00000014   Code   RO         2680    i.TIM_OC2PreloadConfig  stm32f10x_tim.o
    0x0800205c   0x0800205c   0x00000084   Code   RO         2682    i.TIM_OC3Init       stm32f10x_tim.o
    0x080020e0   0x080020e0   0x0000000c   Code   RO         2685    i.TIM_OC3PreloadConfig  stm32f10x_tim.o
    0x080020ec   0x080020ec   0x00000004   Code   RO         2704    i.TIM_SetCompare1   stm32f10x_tim.o
    0x080020f0   0x080020f0   0x00000004   Code   RO         2705    i.TIM_SetCompare2   stm32f10x_tim.o
    0x080020f4   0x080020f4   0x00000004   Code   RO         2706    i.TIM_SetCompare3   stm32f10x_tim.o
    0x080020f8   0x080020f8   0x0000009c   Code   RO         2714    i.TIM_TimeBaseInit  stm32f10x_tim.o
    0x08002194   0x08002194   0x00000068   Code   RO          371    i.USART1_IRQHandler  usart.o
    0x080021fc   0x080021fc   0x00000084   Code   RO         3626    i.USART2_IRQHandler  usart2.o
    0x08002280   0x08002280   0x000000b8   Code   RO         3627    i.USART2_Init       usart2.o
    0x08002338   0x08002338   0x00000008   Code   RO         3175    i.USART_ClearFlag   stm32f10x_usart.o
    0x08002340   0x08002340   0x00000018   Code   RO         3179    i.USART_Cmd         stm32f10x_usart.o
    0x08002358   0x08002358   0x00000014   Code   RO         3180    i.USART_DMACmd      stm32f10x_usart.o
    0x0800236c   0x0800236c   0x000000a4   Code   RO         3181    i.USART_DeInit      stm32f10x_usart.o
    0x08002410   0x08002410   0x0000000e   Code   RO         3182    i.USART_GetFlagStatus  stm32f10x_usart.o
    0x0800241e   0x0800241e   0x00000040   Code   RO         3183    i.USART_GetITStatus  stm32f10x_usart.o
    0x0800245e   0x0800245e   0x00000036   Code   RO         3185    i.USART_ITConfig    stm32f10x_usart.o
    0x08002494   0x08002494   0x000000bc   Code   RO         3186    i.USART_Init        stm32f10x_usart.o
    0x08002550   0x08002550   0x00000008   Code   RO         3193    i.USART_ReceiveData  stm32f10x_usart.o
    0x08002558   0x08002558   0x00000022   Code   RO          372    i.USART_SendArray   usart.o
    0x0800257a   0x0800257a   0x00000018   Code   RO          373    i.USART_SendByte    usart.o
    0x08002592   0x08002592   0x00000008   Code   RO         3196    i.USART_SendData    stm32f10x_usart.o
    0x0800259a   0x0800259a   0x00000002   Code   RO          170    i.UsageFault_Handler  stm32f10x_it.o
    0x0800259c   0x0800259c   0x00000028   Code   RO         4287    i.__ARM_fpclassify  m_ws.l(fpclassify.o)
    0x080025c4   0x080025c4   0x000000aa   Code   RO         4289    i.__kernel_poly     m_ws.l(poly.o)
    0x0800266e   0x0800266e   0x00000006   Code   RO         4274    i.__mathlib_dbl_infnan  m_ws.l(dunder.o)
    0x08002674   0x08002674   0x0000000c   Code   RO         4276    i.__mathlib_dbl_invalid  m_ws.l(dunder.o)
    0x08002680   0x08002680   0x00000010   Code   RO         4279    i.__mathlib_dbl_underflow  m_ws.l(dunder.o)
    0x08002690   0x08002690   0x00000002   Code   RO          374    i._sys_exit         usart.o
    0x08002692   0x08002692   0x00000002   PAD
    0x08002694   0x08002694   0x000000bc   Code   RO         4004    i.arcsin_lookup     mymath.o
    0x08002750   0x08002750   0x00000270   Code   RO         4230    i.asin              m_ws.l(asin.o)
    0x080029c0   0x080029c0   0x00000034   Code   RO          317    i.delay_ms          delay.o
    0x080029f4   0x080029f4   0x00000034   Code   RO          318    i.delay_us          delay.o
    0x08002a28   0x08002a28   0x00000120   Code   RO         4005    i.fast_atan2        mymath.o
    0x08002b48   0x08002b48   0x00000018   Code   RO          375    i.fputc             usart.o
    0x08002b60   0x08002b60   0x00000050   Code   RO         4006    i.init_arcsin_table  mymath.o
    0x08002bb0   0x08002bb0   0x0000001c   Code   RO            1    i.main              main.o
    0x08002bcc   0x08002bcc   0x00000038   Code   RO         4008    i.myRsqrt           mymath.o
    0x08002c04   0x08002c04   0x0000000c   Code   RO         4012    i.myabs_f           mymath.o
    0x08002c10   0x08002c10   0x0000004c   Code   RO         4293    i.sqrt              m_ws.l(sqrt.o)
    0x08002c5c   0x08002c5c   0x000000a0   Code   RO          376    i.uart_init         usart.o
    0x08002cfc   0x08002cfc   0x00000062   Code   RO         4165    x$fpl$d2f           fz_ws.l(d2f.o)
    0x08002d5e   0x08002d5e   0x00000002   PAD
    0x08002d60   0x08002d60   0x00000150   Code   RO         4167    x$fpl$dadd          fz_ws.l(daddsub_clz.o)
    0x08002eb0   0x08002eb0   0x00000010   Code   RO         4256    x$fpl$dcheck1       fz_ws.l(dcheck1.o)
    0x08002ec0   0x08002ec0   0x00000018   Code   RO         4258    x$fpl$dcmpinf       fz_ws.l(dcmpi.o)
    0x08002ed8   0x08002ed8   0x000002b0   Code   RO         4174    x$fpl$ddiv          fz_ws.l(ddiv.o)
    0x08003188   0x08003188   0x0000005e   Code   RO         4177    x$fpl$dfix          fz_ws.l(dfix.o)
    0x080031e6   0x080031e6   0x0000002e   Code   RO         4182    x$fpl$dflt          fz_ws.l(dflt_clz.o)
    0x08003214   0x08003214   0x00000078   Code   RO         4187    x$fpl$dleqf         fz_ws.l(dleqf.o)
    0x0800328c   0x0800328c   0x00000154   Code   RO         4189    x$fpl$dmul          fz_ws.l(dmul.o)
    0x080033e0   0x080033e0   0x0000009c   Code   RO         4260    x$fpl$dnaninf       fz_ws.l(dnaninf.o)
    0x0800347c   0x0800347c   0x0000000c   Code   RO         4262    x$fpl$dretinf       fz_ws.l(dretinf.o)
    0x08003488   0x08003488   0x0000006c   Code   RO         4191    x$fpl$drleqf        fz_ws.l(drleqf.o)
    0x080034f4   0x080034f4   0x00000016   Code   RO         4168    x$fpl$drsb          fz_ws.l(daddsub_clz.o)
    0x0800350a   0x0800350a   0x00000002   PAD
    0x0800350c   0x0800350c   0x000001cc   Code   RO         4326    x$fpl$dsqrt         fz_ws.l(dsqrt_noumaal.o)
    0x080036d8   0x080036d8   0x000001d4   Code   RO         4169    x$fpl$dsub          fz_ws.l(daddsub_clz.o)
    0x080038ac   0x080038ac   0x00000056   Code   RO         4193    x$fpl$f2d           fz_ws.l(f2d.o)
    0x08003902   0x08003902   0x00000002   PAD
    0x08003904   0x08003904   0x000000c4   Code   RO         4195    x$fpl$fadd          fz_ws.l(faddsub_clz.o)
    0x080039c8   0x080039c8   0x0000000c   Code   RO         4264    x$fpl$fcheck1       fz_ws.l(fcheck1.o)
    0x080039d4   0x080039d4   0x00000018   Code   RO         4266    x$fpl$fcmpinf       fz_ws.l(fcmpi.o)
    0x080039ec   0x080039ec   0x00000184   Code   RO         4202    x$fpl$fdiv          fz_ws.l(fdiv.o)
    0x08003b70   0x08003b70   0x00000036   Code   RO         4205    x$fpl$ffix          fz_ws.l(ffix.o)
    0x08003ba6   0x08003ba6   0x00000002   PAD
    0x08003ba8   0x08003ba8   0x0000003e   Code   RO         4209    x$fpl$ffixu         fz_ws.l(ffixu.o)
    0x08003be6   0x08003be6   0x00000002   PAD
    0x08003be8   0x08003be8   0x00000030   Code   RO         4214    x$fpl$fflt          fz_ws.l(fflt_clz.o)
    0x08003c18   0x08003c18   0x00000026   Code   RO         4213    x$fpl$ffltu         fz_ws.l(fflt_clz.o)
    0x08003c3e   0x08003c3e   0x00000002   PAD
    0x08003c40   0x08003c40   0x00000068   Code   RO         4219    x$fpl$fleqf         fz_ws.l(fleqf.o)
    0x08003ca8   0x08003ca8   0x00000102   Code   RO         4221    x$fpl$fmul          fz_ws.l(fmul.o)
    0x08003daa   0x08003daa   0x0000008c   Code   RO         4268    x$fpl$fnaninf       fz_ws.l(fnaninf.o)
    0x08003e36   0x08003e36   0x0000000a   Code   RO         4270    x$fpl$fretinf       fz_ws.l(fretinf.o)
    0x08003e40   0x08003e40   0x00000062   Code   RO         4223    x$fpl$frleqf        fz_ws.l(frleqf.o)
    0x08003ea2   0x08003ea2   0x00000014   Code   RO         4196    x$fpl$frsb          fz_ws.l(faddsub_clz.o)
    0x08003eb6   0x08003eb6   0x00000002   PAD
    0x08003eb8   0x08003eb8   0x000000ea   Code   RO         4197    x$fpl$fsub          fz_ws.l(faddsub_clz.o)
    0x08003fa2   0x08003fa2   0x00000064   Code   RO         4328    x$fpl$retnan        fz_ws.l(retnan.o)
    0x08004006   0x08004006   0x0000005c   Code   RO         4225    x$fpl$scalbn        fz_ws.l(scalbn.o)
    0x08004062   0x08004062   0x0000004c   Code   RO         4227    x$fpl$scalbnf       fz_ws.l(scalbnf.o)
    0x080040ae   0x080040ae   0x00000030   Code   RO         4345    x$fpl$trapveneer    fz_ws.l(trapv.o)
    0x080040de   0x080040de   0x00000000   Code   RO         4272    x$fpl$usenofp       fz_ws.l(usenofp.o)
    0x080040de   0x080040de   0x00000002   PAD
    0x080040e0   0x080040e0   0x00000050   Data   RO         4231    .constdata          m_ws.l(asin.o)
    0x08004130   0x08004130   0x00000020   Data   RO         4467    Region$$Table       anon$$obj.o


    Execution Region ER_RW (Exec base: 0x20000000, Load base: 0x08004150, Size: 0x00000494, Max: 0xffffffff, ABSOLUTE, COMPRESSED[0x00000440])

    Exec Addr    Load Addr    Size         Type   Attr      Idx    E Section Name        Object

    0x20000000   COMPRESSED   0x00000001   Data   RW          171    .data               stm32f10x_it.o
    0x20000001   COMPRESSED   0x00000001   PAD
    0x20000002   COMPRESSED   0x00000004   Data   RW          319    .data               delay.o
    0x20000006   COMPRESSED   0x00000002   Data   RW          378    .data               usart.o
    0x20000008   COMPRESSED   0x00000004   Data   RW          379    .data               usart.o
    0x2000000c   COMPRESSED   0x00000014   Data   RW         2039    .data               stm32f10x_rcc.o
    0x20000020   COMPRESSED   0x00000001   Data   RW         3630    .data               usart2.o
    0x20000021   COMPRESSED   0x00000003   PAD
    0x20000024   COMPRESSED   0x00000064   Data   RW         3960    .data               gyroscope_solve.o
    0x20000088   COMPRESSED   0x00000404   Data   RW         4014    .data               mymath.o
    0x2000048c   COMPRESSED   0x00000008   Data   RW         4118    .data               control.o


    Execution Region ER_ZI (Exec base: 0x20000494, Load base: 0x08004590, Size: 0x00002fa4, Max: 0xffffffff, ABSOLUTE)

    Exec Addr    Load Addr    Size         Type   Attr      Idx    E Section Name        Object

    0x20000494        -       0x000000c8   Zero   RW          377    .bss                usart.o
    0x2000055c   0x08004590   0x00000004   PAD
    0x20000560        -       0x00000800   Zero   RW         3628    .bss                usart2.o
    0x20000d60        -       0x00000060   Zero   RW         3959    .bss                gyroscope_solve.o
    0x20000dc0        -       0x00001f40   Zero   RW         4013    .bss                mymath.o
    0x20002d00        -       0x00000032   Zero   RW         4071    .bss                ano_dt.o
    0x20002d32        -       0x000000a6   Zero   RW         4117    .bss                control.o
    0x20002dd8        -       0x00000060   Zero   RW         4331    .bss                c_w.l(libspace.o)
    0x20002e38        -       0x00000200   Zero   RW          436    HEAP                startup_stm32f10x_hd.o
    0x20003038        -       0x00000400   Zero   RW          435    STACK               startup_stm32f10x_hd.o


==============================================================================

Image component sizes


      Code (inc. data)   RO Data    RW Data    ZI Data      Debug   Object Name

       508         20          0          0         50       3095   ano_dt.o
       360         44          0          8        166       1729   control.o
       132         16          0          4          0       1637   delay.o
       630          8          0          0          0       4184   gps.o
      1732         60          0        100         96       5461   gyroscope_solve.o
       554         68          0          0          0       4318   iic.o
       104         12          0          0          0       1253   key.o
        84          6          0          0          0       1300   led.o
        28          6          0          0          0     263251   main.o
       148         14          0          0          0       2045   misc.o
       658         42          0          0          0       6131   mpu6050.o
       624         70          0       1028       8000       4220   mymath.o
       424         20          0          0          0       1448   pwm.o
        64         26        304          0       1536        780   startup_stm32f10x_hd.o
       352         10          0          0          0       4197   stm32f10x_dma.o
       302          6          0          0          0       5158   stm32f10x_gpio.o
        90         16          0          1          0     206234   stm32f10x_it.o
       312         48          0         20          0       6240   stm32f10x_rcc.o
       742         80          0          0          0      10519   stm32f10x_tim.o
       552         26          0          0          0       8257   stm32f10x_usart.o
         0          0          0          0          0         32   sys.o
       260         26          0          0          0       1685   system_stm32f10x.o
       104          4          0          0          0        600   tim.o
       348         26          0          6        200       5195   usart.o
       568         56          0          1       2048       2996   usart2.o

    ----------------------------------------------------------------------
      9704        710        336       1172      12100     551965   Object Totals
         0          0         32          0          0          0   (incl. Generated)
        24          0          0          4          4          0   (incl. Padding)

    ----------------------------------------------------------------------

      Code (inc. data)   RO Data    RW Data    ZI Data      Debug   Library Member Name

       100          0          0          0          0          0   __dclz77c.o
         8          0          0          0          0         68   __main.o
        40          0          0          0          0         84   __printf_nopercent.o
         0          0          0          0          0          0   __rtentry.o
        12          0          0          0          0          0   __rtentry2.o
         6          0          0          0          0          0   __rtentry4.o
        52          8          0          0          0          0   __scatter.o
        28          0          0          0          0          0   __scatter_zi.o
        48          6          0          0          0         96   _printf_char_common.o
        36          4          0          0          0         80   _printf_char_file.o
        22          0          0          0          0        100   _rserrno.o
        18          0          0          0          0         80   exit.o
         8          0          0          0          0         68   ferror.o
         6          0          0          0          0        152   heapauxi.o
         2          0          0          0          0          0   libinit.o
         2          0          0          0          0          0   libinit2.o
         2          0          0          0          0          0   libshutdown.o
         2          0          0          0          0          0   libshutdown2.o
         8          4          0          0         96         68   libspace.o
        24          4          0          0          0         84   noretval__2printf.o
         8          4          0          0          0         68   rt_errno_addr_intlibspace.o
         2          0          0          0          0          0   rtexit.o
        10          0          0          0          0          0   rtexit2.o
        36          0          0          0          0         80   strstr.o
        74          0          0          0          0         80   sys_stackheap_outer.o
         2          0          0          0          0         68   use_no_semi.o
         2          0          0          0          0         68   use_no_semi_2.o
        98          4          0          0          0         92   d2f.o
       826         16          0          0          0        348   daddsub_clz.o
        16          4          0          0          0         68   dcheck1.o
        24          0          0          0          0         68   dcmpi.o
       688        140          0          0          0        208   ddiv.o
        94          4          0          0          0         92   dfix.o
        46          0          0          0          0         68   dflt_clz.o
       120          4          0          0          0         92   dleqf.o
       340         12          0          0          0        104   dmul.o
       156          4          0          0          0         92   dnaninf.o
        12          0          0          0          0         68   dretinf.o
       108          0          0          0          0         80   drleqf.o
       460         56          0          0          0        120   dsqrt_noumaal.o
        86          4          0          0          0         84   f2d.o
       450          8          0          0          0        236   faddsub_clz.o
        12          4          0          0          0         68   fcheck1.o
        24          0          0          0          0         68   fcmpi.o
       388         76          0          0          0         96   fdiv.o
        54          4          0          0          0         84   ffix.o
        62          4          0          0          0         84   ffixu.o
        86          0          0          0          0        136   fflt_clz.o
       104          4          0          0          0         84   fleqf.o
       258          4          0          0          0         84   fmul.o
       140          4          0          0          0         84   fnaninf.o
        10          0          0          0          0         68   fretinf.o
        98          0          0          0          0         68   frleqf.o
       100          0          0          0          0         68   retnan.o
        92          0          0          0          0         68   scalbn.o
        76          0          0          0          0         68   scalbnf.o
        48          0          0          0          0         68   trapv.o
         0          0          0          0          0          0   usenofp.o
       624         52         80          0          0        168   asin.o
        34          6          0          0          0        204   dunder.o
        40          0          0          0          0         68   fpclassify.o
       170          0          0          0          0         96   poly.o
        76          0          0          0          0         84   sqrt.o

    ----------------------------------------------------------------------
      6600        444         80          0         96       4880   Library Totals
        22          0          0          0          0          0   (incl. Padding)

    ----------------------------------------------------------------------

      Code (inc. data)   RO Data    RW Data    ZI Data      Debug   Library Name

       558         30          0          0         96       1244   c_w.l
      5076        356          0          0          0       3016   fz_ws.l
       944         58         80          0          0        620   m_ws.l

    ----------------------------------------------------------------------
      6600        444         80          0         96       4880   Library Totals

    ----------------------------------------------------------------------

==============================================================================


      Code (inc. data)   RO Data    RW Data    ZI Data      Debug   

     16304       1154        416       1172      12196     548261   Grand Totals
     16304       1154        416       1088      12196     548261   ELF Image Totals (compressed)
     16304       1154        416       1088          0          0   ROM Totals

==============================================================================

    Total RO  Size (Code + RO Data)                16720 (  16.33kB)
    Total RW  Size (RW Data + ZI Data)             13368 (  13.05kB)
    Total ROM Size (Code + RO Data + RW Data)      17808 (  17.39kB)

==============================================================================

